[2026-05-25 13:01:26,825][__main__][INFO] - Instantiating datamodule <flowlet.data.fomo300k_datamodule.FOMO300KDataModule>
[2026-05-25 13:01:27,017][__main__][INFO] - Instantiating model <flowlet.flowlet.FlowLet>
[2026-05-25 13:01:27,558][__main__][INFO] - Model: FlowLet(
  wavelet_shape=(8, 64, 64, 64),
  volume_shape=[128, 128, 128],
  num_parameters=131,170,312,
)
[2026-05-25 13:01:27,558][__main__][INFO] - Number of parameters: 131,170,312
[2026-05-25 13:01:27,558][__main__][INFO] - Instantiating callbacks...
[2026-05-25 13:01:27,558][flowlet.utils.instantiators][INFO] - Instantiating callback <lightning.pytorch.callbacks.ModelCheckpoint>
[2026-05-25 13:01:27,561][flowlet.utils.instantiators][INFO] - Instantiating callback <lightning.pytorch.callbacks.RichModelSummary>
[2026-05-25 13:01:27,561][flowlet.utils.instantiators][INFO] - Instantiating callback <lightning.pytorch.callbacks.RichProgressBar>
[2026-05-25 13:01:27,561][__main__][INFO] - Instantiating loggers...
[2026-05-25 13:01:27,561][flowlet.utils.instantiators][INFO] - Instantiating logger <lightning.pytorch.loggers.tensorboard.TensorBoardLogger>
[2026-05-25 13:01:27,563][__main__][INFO] - Instantiating trainer <lightning.pytorch.trainer.Trainer>
[2026-05-25 13:01:27,581][__main__][INFO] - Logging hyperparameters!
[2026-05-25 13:01:27,681][__main__][INFO] - Starting training!
[2026-05-25 13:01:28,113][httpx][INFO] - HTTP Request: HEAD https://huggingface.co/datasets/freds0/FOMO300K_brain_age/resolve/main/participants.tsv "HTTP/1.1 307 Temporary Redirect"
[2026-05-25 13:01:28,114][huggingface_hub.utils._http][WARNING] - Warning: You are sending unauthenticated requests to the HF Hub. Please set a HF_TOKEN to enable higher rate limits and faster downloads.
[2026-05-25 13:01:28,146][httpx][INFO] - HTTP Request: HEAD https://huggingface.co/api/resolve-cache/datasets/freds0/FOMO300K_brain_age/d8d9fc5592ca171f83fef49f4b90535242e8cdcf/participants.tsv "HTTP/1.1 200 OK"
[2026-05-25 13:01:28,177][httpx][INFO] - HTTP Request: GET https://huggingface.co/api/resolve-cache/datasets/freds0/FOMO300K_brain_age/d8d9fc5592ca171f83fef49f4b90535242e8cdcf/participants.tsv "HTTP/1.1 200 OK"
[2026-05-25 13:01:28,422][httpx][INFO] - HTTP Request: HEAD https://huggingface.co/datasets/freds0/FOMO300K_brain_age/resolve/main/mapping.tsv "HTTP/1.1 302 Found"
[2026-05-25 13:01:28,579][httpx][INFO] - HTTP Request: GET https://huggingface.co/api/datasets/freds0/FOMO300K_brain_age/xet-read-token/d8d9fc5592ca171f83fef49f4b90535242e8cdcf "HTTP/1.1 200 OK"
[2026-05-25 13:01:32,345][httpx][INFO] - HTTP Request: HEAD https://huggingface.co/datasets/freds0/FOMO300K_brain_age/resolve/main/PT035_Yale_Brain_Mets_Longitudinal/sub-0120/ses-04.zip "HTTP/1.1 302 Found"
[2026-05-25 13:01:32,349][httpx][INFO] - HTTP Request: HEAD https://huggingface.co/datasets/freds0/FOMO300K_brain_age/resolve/main/PT030_OpenNeuro/ds004054/sub-27/ses-01.zip "HTTP/1.1 404 Not Found"
[2026-05-25 13:01:32,369][httpx][INFO] - HTTP Request: HEAD https://huggingface.co/datasets/freds0/FOMO300K_brain_age/resolve/main/PT030_OpenNeuro/ds005752/sub-171/ses-01.zip "HTTP/1.1 404 Not Found"
[2026-05-25 13:01:32,414][httpx][INFO] - HTTP Request: HEAD https://huggingface.co/datasets/freds0/FOMO300K_brain_age/resolve/main/PT030_OpenNeuro/ds005341/sub-36/ses-01.zip "HTTP/1.1 404 Not Found"
[2026-05-25 13:01:32,516][httpx][INFO] - HTTP Request: HEAD https://huggingface.co/datasets/freds0/FOMO300K_brain_age/resolve/main/PT030_OpenNeuro/ds005012/sub-21/ses-02.zip "HTTP/1.1 404 Not Found"
[2026-05-25 13:01:32,540][httpx][INFO] - HTTP Request: HEAD https://huggingface.co/datasets/freds0/FOMO300K_brain_age/resolve/main/PT035_Yale_Brain_Mets_Longitudinal/sub-0904/ses-05.zip "HTTP/1.1 302 Found"
[2026-05-25 13:01:32,577][httpx][INFO] - HTTP Request: HEAD https://huggingface.co/datasets/freds0/FOMO300K_brain_age/resolve/main/PT035_Yale_Brain_Mets_Longitudinal/sub-1093/ses-22.zip "HTTP/1.1 302 Found"
[2026-05-25 13:01:32,583][flowlet.utils.utils][ERROR] - Exception during training: Caught RemoteEntryNotFoundError in DataLoader worker process 0.
Original Traceback (most recent call last):
  File "/root/anaconda3/envs/flowlet/lib/python3.10/site-packages/huggingface_hub/utils/_http.py", line 657, in hf_raise_for_status
    response.raise_for_status()
  File "/root/anaconda3/envs/flowlet/lib/python3.10/site-packages/httpx/_models.py", line 829, in raise_for_status
    raise HTTPStatusError(message, request=request, response=self)
httpx.HTTPStatusError: Client error '404 Not Found' for url 'https://huggingface.co/datasets/freds0/FOMO300K_brain_age/resolve/main/PT030_OpenNeuro/ds005341/sub-36/ses-01.zip'
For more information check: https://developer.mozilla.org/en-US/docs/Web/HTTP/Status/404

The above exception was the direct cause of the following exception:

Traceback (most recent call last):
  File "/root/anaconda3/envs/flowlet/lib/python3.10/site-packages/torch/utils/data/_utils/worker.py", line 358, in _worker_loop
    data = fetcher.fetch(index)  # type: ignore[possibly-undefined]
  File "/root/anaconda3/envs/flowlet/lib/python3.10/site-packages/torch/utils/data/_utils/fetch.py", line 52, in fetch
    data = self.dataset.__getitems__(possibly_batched_index)
  File "/root/anaconda3/envs/flowlet/lib/python3.10/site-packages/torch/utils/data/dataset.py", line 413, in __getitems__
    return [self.dataset[self.indices[idx]] for idx in indices]
  File "/root/anaconda3/envs/flowlet/lib/python3.10/site-packages/torch/utils/data/dataset.py", line 413, in <listcomp>
    return [self.dataset[self.indices[idx]] for idx in indices]
  File "/root/experiments/FlowLet/flowlet/data/fomo300k_dataset.py", line 120, in __getitem__
    volume = self._preprocess(self._load_volume(row))
  File "/root/experiments/FlowLet/flowlet/data/fomo300k_dataset.py", line 145, in _load_volume
    zip_path = self._download(row["zip_path"])
  File "/root/experiments/FlowLet/flowlet/data/fomo300k_dataset.py", line 71, in _download
    return hf_hub_download(
  File "/root/anaconda3/envs/flowlet/lib/python3.10/site-packages/huggingface_hub/utils/_validators.py", line 89, in _inner_fn
    return fn(*args, **kwargs)
  File "/root/anaconda3/envs/flowlet/lib/python3.10/site-packages/huggingface_hub/file_download.py", line 1032, in hf_hub_download
    return _hf_hub_download_to_cache_dir(
  File "/root/anaconda3/envs/flowlet/lib/python3.10/site-packages/huggingface_hub/file_download.py", line 1107, in _hf_hub_download_to_cache_dir
    (url_to_download, etag, commit_hash, expected_size, xet_file_data, head_call_error) = _get_metadata_or_catch_error(
  File "/root/anaconda3/envs/flowlet/lib/python3.10/site-packages/huggingface_hub/file_download.py", line 1699, in _get_metadata_or_catch_error
    metadata = get_hf_file_metadata(
  File "/root/anaconda3/envs/flowlet/lib/python3.10/site-packages/huggingface_hub/utils/_validators.py", line 89, in _inner_fn
    return fn(*args, **kwargs)
  File "/root/anaconda3/envs/flowlet/lib/python3.10/site-packages/huggingface_hub/file_download.py", line 1622, in get_hf_file_metadata
    response = _httpx_follow_relative_redirects(
  File "/root/anaconda3/envs/flowlet/lib/python3.10/site-packages/huggingface_hub/file_download.py", line 309, in _httpx_follow_relative_redirects
    hf_raise_for_status(response)
  File "/root/anaconda3/envs/flowlet/lib/python3.10/site-packages/huggingface_hub/utils/_http.py", line 671, in hf_raise_for_status
    raise _format(RemoteEntryNotFoundError, message, response) from e
huggingface_hub.errors.RemoteEntryNotFoundError: 404 Client Error. (Request ID: Root=1-6a14482c-572975e5087a6d55400187a5;598e9595-1307-4b82-8ff8-be89f24ac104)

Entry Not Found for url: https://huggingface.co/datasets/freds0/FOMO300K_brain_age/resolve/main/PT030_OpenNeuro/ds005341/sub-36/ses-01.zip.
Traceback (most recent call last):
  File "/root/experiments/FlowLet/flowlet/utils/utils.py", line 28, in wrapper
    metric_dict, object_dict = task_func(cfg, *args, **kwargs)
  File "/root/experiments/FlowLet/flowlet/train.py", line 102, in train
    trainer.fit(
  File "/root/anaconda3/envs/flowlet/lib/python3.10/site-packages/lightning/pytorch/trainer/trainer.py", line 584, in fit
    call._call_and_handle_interrupt(
  File "/root/anaconda3/envs/flowlet/lib/python3.10/site-packages/lightning/pytorch/trainer/call.py", line 49, in _call_and_handle_interrupt
    return trainer_fn(*args, **kwargs)
  File "/root/anaconda3/envs/flowlet/lib/python3.10/site-packages/lightning/pytorch/trainer/trainer.py", line 630, in _fit_impl
    self._run(model, ckpt_path=ckpt_path, weights_only=weights_only)
  File "/root/anaconda3/envs/flowlet/lib/python3.10/site-packages/lightning/pytorch/trainer/trainer.py", line 1079, in _run
    results = self._run_stage()
  File "/root/anaconda3/envs/flowlet/lib/python3.10/site-packages/lightning/pytorch/trainer/trainer.py", line 1121, in _run_stage
    self._run_sanity_check()
  File "/root/anaconda3/envs/flowlet/lib/python3.10/site-packages/lightning/pytorch/trainer/trainer.py", line 1150, in _run_sanity_check
    val_loop.run()
  File "/root/anaconda3/envs/flowlet/lib/python3.10/site-packages/lightning/pytorch/loops/utilities.py", line 179, in _decorator
    return loop_run(self, *args, **kwargs)
  File "/root/anaconda3/envs/flowlet/lib/python3.10/site-packages/lightning/pytorch/loops/evaluation_loop.py", line 139, in run
    batch, batch_idx, dataloader_idx = next(data_fetcher)
  File "/root/anaconda3/envs/flowlet/lib/python3.10/site-packages/lightning/pytorch/loops/fetchers.py", line 134, in __next__
    batch = super().__next__()
  File "/root/anaconda3/envs/flowlet/lib/python3.10/site-packages/lightning/pytorch/loops/fetchers.py", line 61, in __next__
    batch = next(self.iterator)
  File "/root/anaconda3/envs/flowlet/lib/python3.10/site-packages/lightning/pytorch/utilities/combined_loader.py", line 341, in __next__
    out = next(self._iterator)
  File "/root/anaconda3/envs/flowlet/lib/python3.10/site-packages/lightning/pytorch/utilities/combined_loader.py", line 142, in __next__
    out = next(self.iterators[0])
  File "/root/anaconda3/envs/flowlet/lib/python3.10/site-packages/torch/utils/data/dataloader.py", line 741, in __next__
    data = self._next_data()
  File "/root/anaconda3/envs/flowlet/lib/python3.10/site-packages/torch/utils/data/dataloader.py", line 1548, in _next_data
    return self._process_data(data, worker_id)
  File "/root/anaconda3/envs/flowlet/lib/python3.10/site-packages/torch/utils/data/dataloader.py", line 1586, in _process_data
    data.reraise()
  File "/root/anaconda3/envs/flowlet/lib/python3.10/site-packages/torch/_utils.py", line 774, in reraise
    raise RuntimeError(msg) from None
RuntimeError: Caught RemoteEntryNotFoundError in DataLoader worker process 0.
Original Traceback (most recent call last):
  File "/root/anaconda3/envs/flowlet/lib/python3.10/site-packages/huggingface_hub/utils/_http.py", line 657, in hf_raise_for_status
    response.raise_for_status()
  File "/root/anaconda3/envs/flowlet/lib/python3.10/site-packages/httpx/_models.py", line 829, in raise_for_status
    raise HTTPStatusError(message, request=request, response=self)
httpx.HTTPStatusError: Client error '404 Not Found' for url 'https://huggingface.co/datasets/freds0/FOMO300K_brain_age/resolve/main/PT030_OpenNeuro/ds005341/sub-36/ses-01.zip'
For more information check: https://developer.mozilla.org/en-US/docs/Web/HTTP/Status/404

The above exception was the direct cause of the following exception:

Traceback (most recent call last):
  File "/root/anaconda3/envs/flowlet/lib/python3.10/site-packages/torch/utils/data/_utils/worker.py", line 358, in _worker_loop
    data = fetcher.fetch(index)  # type: ignore[possibly-undefined]
  File "/root/anaconda3/envs/flowlet/lib/python3.10/site-packages/torch/utils/data/_utils/fetch.py", line 52, in fetch
    data = self.dataset.__getitems__(possibly_batched_index)
  File "/root/anaconda3/envs/flowlet/lib/python3.10/site-packages/torch/utils/data/dataset.py", line 413, in __getitems__
    return [self.dataset[self.indices[idx]] for idx in indices]
  File "/root/anaconda3/envs/flowlet/lib/python3.10/site-packages/torch/utils/data/dataset.py", line 413, in <listcomp>
    return [self.dataset[self.indices[idx]] for idx in indices]
  File "/root/experiments/FlowLet/flowlet/data/fomo300k_dataset.py", line 120, in __getitem__
    volume = self._preprocess(self._load_volume(row))
  File "/root/experiments/FlowLet/flowlet/data/fomo300k_dataset.py", line 145, in _load_volume
    zip_path = self._download(row["zip_path"])
  File "/root/experiments/FlowLet/flowlet/data/fomo300k_dataset.py", line 71, in _download
    return hf_hub_download(
  File "/root/anaconda3/envs/flowlet/lib/python3.10/site-packages/huggingface_hub/utils/_validators.py", line 89, in _inner_fn
    return fn(*args, **kwargs)
  File "/root/anaconda3/envs/flowlet/lib/python3.10/site-packages/huggingface_hub/file_download.py", line 1032, in hf_hub_download
    return _hf_hub_download_to_cache_dir(
  File "/root/anaconda3/envs/flowlet/lib/python3.10/site-packages/huggingface_hub/file_download.py", line 1107, in _hf_hub_download_to_cache_dir
    (url_to_download, etag, commit_hash, expected_size, xet_file_data, head_call_error) = _get_metadata_or_catch_error(
  File "/root/anaconda3/envs/flowlet/lib/python3.10/site-packages/huggingface_hub/file_download.py", line 1699, in _get_metadata_or_catch_error
    metadata = get_hf_file_metadata(
  File "/root/anaconda3/envs/flowlet/lib/python3.10/site-packages/huggingface_hub/utils/_validators.py", line 89, in _inner_fn
    return fn(*args, **kwargs)
  File "/root/anaconda3/envs/flowlet/lib/python3.10/site-packages/huggingface_hub/file_download.py", line 1622, in get_hf_file_metadata
    response = _httpx_follow_relative_redirects(
  File "/root/anaconda3/envs/flowlet/lib/python3.10/site-packages/huggingface_hub/file_download.py", line 309, in _httpx_follow_relative_redirects
    hf_raise_for_status(response)
  File "/root/anaconda3/envs/flowlet/lib/python3.10/site-packages/huggingface_hub/utils/_http.py", line 671, in hf_raise_for_status
    raise _format(RemoteEntryNotFoundError, message, response) from e
huggingface_hub.errors.RemoteEntryNotFoundError: 404 Client Error. (Request ID: Root=1-6a14482c-572975e5087a6d55400187a5;598e9595-1307-4b82-8ff8-be89f24ac104)

Entry Not Found for url: https://huggingface.co/datasets/freds0/FOMO300K_brain_age/resolve/main/PT030_OpenNeuro/ds005341/sub-36/ses-01.zip.

