[2026-05-25 13:28:11,504][__main__][INFO] - Instantiating datamodule <flowlet.data.fomo300k_datamodule.FOMO300KDataModule>
[2026-05-25 13:28:11,720][__main__][INFO] - Instantiating model <flowlet.flowlet.FlowLet>
[2026-05-25 13:28:12,271][__main__][INFO] - Model: FlowLet(
  wavelet_shape=(8, 64, 64, 64),
  volume_shape=[128, 128, 128],
  num_parameters=131,170,312,
)
[2026-05-25 13:28:12,271][__main__][INFO] - Number of parameters: 131,170,312
[2026-05-25 13:28:12,271][__main__][INFO] - Instantiating callbacks...
[2026-05-25 13:28:12,271][flowlet.utils.instantiators][INFO] - Instantiating callback <lightning.pytorch.callbacks.ModelCheckpoint>
[2026-05-25 13:28:12,273][flowlet.utils.instantiators][INFO] - Instantiating callback <lightning.pytorch.callbacks.RichModelSummary>
[2026-05-25 13:28:12,273][flowlet.utils.instantiators][INFO] - Instantiating callback <lightning.pytorch.callbacks.RichProgressBar>
[2026-05-25 13:28:12,273][__main__][INFO] - Instantiating loggers...
[2026-05-25 13:28:12,273][flowlet.utils.instantiators][INFO] - Instantiating logger <lightning.pytorch.loggers.tensorboard.TensorBoardLogger>
[2026-05-25 13:28:12,275][__main__][INFO] - Instantiating trainer <lightning.pytorch.trainer.Trainer>
[2026-05-25 13:28:12,293][__main__][INFO] - Logging hyperparameters!
[2026-05-25 13:28:12,371][__main__][INFO] - Starting training!
[2026-05-25 13:28:12,752][httpx][INFO] - HTTP Request: HEAD https://huggingface.co/datasets/freds0/FOMO300K_brain_age/resolve/main/participants.tsv "HTTP/1.1 307 Temporary Redirect"
[2026-05-25 13:28:12,776][httpx][INFO] - HTTP Request: HEAD https://huggingface.co/api/resolve-cache/datasets/freds0/FOMO300K_brain_age/d8d9fc5592ca171f83fef49f4b90535242e8cdcf/participants.tsv "HTTP/1.1 200 OK"
[2026-05-25 13:28:12,964][httpx][INFO] - HTTP Request: HEAD https://huggingface.co/datasets/freds0/FOMO300K_brain_age/resolve/main/mapping.tsv "HTTP/1.1 302 Found"
[2026-05-25 13:28:12,966][huggingface_hub.utils._http][WARNING] - Warning: You are sending unauthenticated requests to the HF Hub. Please set a HF_TOKEN to enable higher rate limits and faster downloads.
[2026-05-25 13:28:13,542][httpx][INFO] - HTTP Request: GET https://huggingface.co/api/datasets/freds0/FOMO300K_brain_age/tree/main?recursive=true&expand=false "HTTP/1.1 200 OK"
[2026-05-25 13:28:13,725][httpx][INFO] - HTTP Request: GET https://huggingface.co/api/datasets/freds0/FOMO300K_brain_age/tree/main?expand=false&recursive=true&limit=1000&cursor=ZXlKbWFXeGxYMjVoYldVaU9pSlFWREF4TTE5RFlXeG5ZWEo1WDFCeVpYTmphRzl2YkM5emRXSXRNVEEySWl3aWRISmxaVjl2YVdRaU9pSmhZVEZtTXpsall6QTROR1E1TURJMk16aG1NV0V4TVdOa1pqbGtPVEUyTXpnek5qUTFNakkxSW4wPToxMDAw "HTTP/1.1 200 OK"
[2026-05-25 13:28:13,887][httpx][INFO] - HTTP Request: GET https://huggingface.co/api/datasets/freds0/FOMO300K_brain_age/tree/main?expand=false&recursive=true&limit=1000&cursor=ZXlKbWFXeGxYMjVoYldVaU9pSlFWREF4TkY5RGIxSlNMM04xWWkwd09Ua3hJaXdpZEhKbFpWOXZhV1FpT2lKaFlURm1NemxqWXpBNE5HUTVNREkyTXpobU1XRXhNV05rWmpsa09URTJNemd6TmpRMU1qSTFJbjA9OjIwMDA%3D "HTTP/1.1 200 OK"
[2026-05-25 13:28:14,049][httpx][INFO] - HTTP Request: GET https://huggingface.co/api/datasets/freds0/FOMO300K_brain_age/tree/main?expand=false&recursive=true&limit=1000&cursor=ZXlKbWFXeGxYMjVoYldVaU9pSlFWREF4Tmw5SFUxQXZjM1ZpTFRBMU1UTWlMQ0owY21WbFgyOXBaQ0k2SW1GaE1XWXpPV05qTURnMFpEa3dNall6T0dZeFlURXhZMlJtT1dRNU1UWXpPRE0yTkRVeU1qVWlmUT09OjMwMDA%3D "HTTP/1.1 200 OK"
[2026-05-25 13:28:14,221][httpx][INFO] - HTTP Request: GET https://huggingface.co/api/datasets/freds0/FOMO300K_brain_age/tree/main?expand=false&recursive=true&limit=1000&cursor=ZXlKbWFXeGxYMjVoYldVaU9pSlFWREF4Tmw5SFUxQXZjM1ZpTFRFMU5qQWlMQ0owY21WbFgyOXBaQ0k2SW1GaE1XWXpPV05qTURnMFpEa3dNall6T0dZeFlURXhZMlJtT1dRNU1UWXpPRE0yTkRVeU1qVWlmUT09OjQwMDA%3D "HTTP/1.1 200 OK"
[2026-05-25 13:28:14,387][httpx][INFO] - HTTP Request: GET https://huggingface.co/api/datasets/freds0/FOMO300K_brain_age/tree/main?expand=false&recursive=true&limit=1000&cursor=ZXlKbWFXeGxYMjVoYldVaU9pSlFWREF4T0Y5SVFrNHZjM1ZpTFRBNU1UZ2lMQ0owY21WbFgyOXBaQ0k2SW1GaE1XWXpPV05qTURnMFpEa3dNall6T0dZeFlURXhZMlJtT1dRNU1UWXpPRE0yTkRVeU1qVWlmUT09OjUwMDA%3D "HTTP/1.1 200 OK"
[2026-05-25 13:28:14,549][httpx][INFO] - HTTP Request: GET https://huggingface.co/api/datasets/freds0/FOMO300K_brain_age/tree/main?expand=false&recursive=true&limit=1000&cursor=ZXlKbWFXeGxYMjVoYldVaU9pSlFWREF4T0Y5SVFrNHZjM1ZpTFRFNU16a2lMQ0owY21WbFgyOXBaQ0k2SW1GaE1XWXpPV05qTURnMFpEa3dNall6T0dZeFlURXhZMlJtT1dRNU1UWXpPRE0yTkRVeU1qVWlmUT09OjYwMDA%3D "HTTP/1.1 200 OK"
[2026-05-25 13:28:14,706][httpx][INFO] - HTTP Request: GET https://huggingface.co/api/datasets/freds0/FOMO300K_brain_age/tree/main?expand=false&recursive=true&limit=1000&cursor=ZXlKbWFXeGxYMjVoYldVaU9pSlFWREF4T0Y5SVFrNHZjM1ZpTFRJNU5Ua2lMQ0owY21WbFgyOXBaQ0k2SW1GaE1XWXpPV05qTURnMFpEa3dNall6T0dZeFlURXhZMlJtT1dRNU1UWXpPRE0yTkRVeU1qVWlmUT09OjcwMDA%3D "HTTP/1.1 200 OK"
[2026-05-25 13:28:14,871][httpx][INFO] - HTTP Request: GET https://huggingface.co/api/datasets/freds0/FOMO300K_brain_age/tree/main?expand=false&recursive=true&limit=1000&cursor=ZXlKbWFXeGxYMjVoYldVaU9pSlFWREF5TUY5SVExQmZWM1ZmVFdsdWJpOXpkV0l0TURFek1pSXNJblJ5WldWZmIybGtJam9pWVdFeFpqTTVZMk13T0RSa09UQXlOak00WmpGaE1URmpaR1k1WkRreE5qTTRNelkwTlRJeU5TSjk6ODAwMA%3D%3D "HTTP/1.1 200 OK"
[2026-05-25 13:28:15,036][httpx][INFO] - HTTP Request: GET https://huggingface.co/api/datasets/freds0/FOMO300K_brain_age/tree/main?expand=false&recursive=true&limit=1000&cursor=ZXlKbWFXeGxYMjVoYldVaU9pSlFWREF5TVY5SldFa3ZjM1ZpTFRBeU1TSXNJblJ5WldWZmIybGtJam9pWVdFeFpqTTVZMk13T0RSa09UQXlOak00WmpGaE1URmpaR1k1WkRreE5qTTRNelkwTlRJeU5TSjk6OTAwMA%3D%3D "HTTP/1.1 200 OK"
[2026-05-25 13:28:15,200][httpx][INFO] - HTTP Request: GET https://huggingface.co/api/datasets/freds0/FOMO300K_brain_age/tree/main?expand=false&recursive=true&limit=1000&cursor=ZXlKbWFXeGxYMjVoYldVaU9pSlFWREF5TTE5SmJtWmhiblJmUkdWMlpXeHZjRzFsYm5SZlFuSmhhVzR2YzNWaUxUUTFNeUlzSW5SeVpXVmZiMmxrSWpvaVlXRXhaak01WTJNd09EUmtPVEF5TmpNNFpqRmhNVEZqWkdZNVpEa3hOak00TXpZME5USXlOU0o5OjEwMDAw "HTTP/1.1 200 OK"
[2026-05-25 13:28:15,355][httpx][INFO] - HTTP Request: GET https://huggingface.co/api/datasets/freds0/FOMO300K_brain_age/tree/main?expand=false&recursive=true&limit=1000&cursor=ZXlKbWFXeGxYMjVoYldVaU9pSlFWREF6TTE5WFFVNUVMM04xWWkwd01UQWlMQ0owY21WbFgyOXBaQ0k2SW1GaE1XWXpPV05qTURnMFpEa3dNall6T0dZeFlURXhZMlJtT1dRNU1UWXpPRE0yTkRVeU1qVWlmUT09OjExMDAw "HTTP/1.1 200 OK"
[2026-05-25 13:28:15,531][httpx][INFO] - HTTP Request: GET https://huggingface.co/api/datasets/freds0/FOMO300K_brain_age/tree/main?expand=false&recursive=true&limit=1000&cursor=ZXlKbWFXeGxYMjVoYldVaU9pSlFWREF6TlY5WllXeGxYMEp5WVdsdVgwMWxkSE5mVEc5dVoybDBkV1JwYm1Gc0wzTjFZaTB3TnpJeUlpd2lkSEpsWlY5dmFXUWlPaUpoWVRGbU16bGpZekE0TkdRNU1ESTJNemhtTVdFeE1XTmtaamxrT1RFMk16Z3pOalExTWpJMUluMD06MTIwMDA%3D "HTTP/1.1 200 OK"
[2026-05-25 13:28:15,980][httpx][INFO] - HTTP Request: GET https://huggingface.co/api/datasets/freds0/FOMO300K_brain_age/tree/main?expand=false&recursive=true&limit=1000&cursor=ZXlKbWFXeGxYMjVoYldVaU9pSlFWREF3TWw5T2FXZGxjbWxoYmw5RGJHbHVhV05oYkM5emRXSXRPREV2YzJWekxUQXhMbnBwY0NJc0luUnlaV1ZmYjJsa0lqb2lZV0V4WmpNNVkyTXdPRFJrT1RBeU5qTTRaakZoTVRGalpHWTVaRGt4TmpNNE16WTBOVEl5TlNKOToxMzAwMA%3D%3D "HTTP/1.1 200 OK"
[2026-05-25 13:28:16,232][httpx][INFO] - HTTP Request: GET https://huggingface.co/api/datasets/freds0/FOMO300K_brain_age/tree/main?expand=false&recursive=true&limit=1000&cursor=ZXlKbWFXeGxYMjVoYldVaU9pSlFWREF4TTE5RFlXeG5ZWEo1WDFCeVpYTmphRzl2YkM5emRXSXRNRFUwTDNObGN5MHdOUzU2YVhBaUxDSjBjbVZsWDI5cFpDSTZJbUZoTVdZek9XTmpNRGcwWkRrd01qWXpPR1l4WVRFeFkyUm1PV1E1TVRZek9ETTJORFV5TWpVaWZRPT06MTQwMDA%3D "HTTP/1.1 200 OK"
[2026-05-25 13:28:16,471][httpx][INFO] - HTTP Request: GET https://huggingface.co/api/datasets/freds0/FOMO300K_brain_age/tree/main?expand=false&recursive=true&limit=1000&cursor=ZXlKbWFXeGxYMjVoYldVaU9pSlFWREF4TkY5RGIxSlNMM04xWWkwd05ERXlMM05sY3kwd01pNTZhWEFpTENKMGNtVmxYMjlwWkNJNkltRmhNV1l6T1dOak1EZzBaRGt3TWpZek9HWXhZVEV4WTJSbU9XUTVNVFl6T0RNMk5EVXlNalVpZlE9PToxNTAwMA%3D%3D "HTTP/1.1 200 OK"
[2026-05-25 13:28:16,722][httpx][INFO] - HTTP Request: GET https://huggingface.co/api/datasets/freds0/FOMO300K_brain_age/tree/main?expand=false&recursive=true&limit=1000&cursor=ZXlKbWFXeGxYMjVoYldVaU9pSlFWREF4TkY5RGIxSlNMM04xWWkwd09URTVMM05sY3kwd015NTZhWEFpTENKMGNtVmxYMjlwWkNJNkltRmhNV1l6T1dOak1EZzBaRGt3TWpZek9HWXhZVEV4WTJSbU9XUTVNVFl6T0RNMk5EVXlNalVpZlE9PToxNjAwMA%3D%3D "HTTP/1.1 200 OK"
[2026-05-25 13:28:16,951][httpx][INFO] - HTTP Request: GET https://huggingface.co/api/datasets/freds0/FOMO300K_brain_age/tree/main?expand=false&recursive=true&limit=1000&cursor=ZXlKbWFXeGxYMjVoYldVaU9pSlFWREF4Tmw5SFUxQXZjM1ZpTFRBd01qZ3ZjMlZ6TFRBeExucHBjQ0lzSW5SeVpXVmZiMmxrSWpvaVlXRXhaak01WTJNd09EUmtPVEF5TmpNNFpqRmhNVEZqWkdZNVpEa3hOak00TXpZME5USXlOU0o5OjE3MDAw "HTTP/1.1 200 OK"
[2026-05-25 13:28:17,208][httpx][INFO] - HTTP Request: GET https://huggingface.co/api/datasets/freds0/FOMO300K_brain_age/tree/main?expand=false&recursive=true&limit=1000&cursor=ZXlKbWFXeGxYMjVoYldVaU9pSlFWREF4Tmw5SFUxQXZjM1ZpTFRFd056TXZjMlZ6TFRBeExucHBjQ0lzSW5SeVpXVmZiMmxrSWpvaVlXRXhaak01WTJNd09EUmtPVEF5TmpNNFpqRmhNVEZqWkdZNVpEa3hOak00TXpZME5USXlOU0o5OjE4MDAw "HTTP/1.1 200 OK"
[2026-05-25 13:28:17,450][httpx][INFO] - HTTP Request: GET https://huggingface.co/api/datasets/freds0/FOMO300K_brain_age/tree/main?expand=false&recursive=true&limit=1000&cursor=ZXlKbWFXeGxYMjVoYldVaU9pSlFWREF4T0Y5SVFrNHZjM1ZpTFRBeU9URXZjMlZ6TFRBeExucHBjQ0lzSW5SeVpXVmZiMmxrSWpvaVlXRXhaak01WTJNd09EUmtPVEF5TmpNNFpqRmhNVEZqWkdZNVpEa3hOak00TXpZME5USXlOU0o5OjE5MDAw "HTTP/1.1 200 OK"
[2026-05-25 13:28:17,684][httpx][INFO] - HTTP Request: GET https://huggingface.co/api/datasets/freds0/FOMO300K_brain_age/tree/main?expand=false&recursive=true&limit=1000&cursor=ZXlKbWFXeGxYMjVoYldVaU9pSlFWREF4T0Y5SVFrNHZjM1ZpTFRFek1Ea3ZjMlZ6TFRBeExucHBjQ0lzSW5SeVpXVmZiMmxrSWpvaVlXRXhaak01WTJNd09EUmtPVEF5TmpNNFpqRmhNVEZqWkdZNVpEa3hOak00TXpZME5USXlOU0o5OjIwMDAw "HTTP/1.1 200 OK"
[2026-05-25 13:28:17,919][httpx][INFO] - HTTP Request: GET https://huggingface.co/api/datasets/freds0/FOMO300K_brain_age/tree/main?expand=false&recursive=true&limit=1000&cursor=ZXlKbWFXeGxYMjVoYldVaU9pSlFWREF4T0Y5SVFrNHZjM1ZpTFRJek1qUXZjMlZ6TFRBeExucHBjQ0lzSW5SeVpXVmZiMmxrSWpvaVlXRXhaak01WTJNd09EUmtPVEF5TmpNNFpqRmhNVEZqWkdZNVpEa3hOak00TXpZME5USXlOU0o5OjIxMDAw "HTTP/1.1 200 OK"
[2026-05-25 13:28:18,127][httpx][INFO] - HTTP Request: GET https://huggingface.co/api/datasets/freds0/FOMO300K_brain_age/tree/main?expand=false&recursive=true&limit=1000&cursor=ZXlKbWFXeGxYMjVoYldVaU9pSlFWREF4T0Y5SVFrNHZjM1ZpTFRNek5EY3ZjMlZ6TFRBeExucHBjQ0lzSW5SeVpXVmZiMmxrSWpvaVlXRXhaak01WTJNd09EUmtPVEF5TmpNNFpqRmhNVEZqWkdZNVpEa3hOak00TXpZME5USXlOU0o5OjIyMDAw "HTTP/1.1 200 OK"
[2026-05-25 13:28:18,488][httpx][INFO] - HTTP Request: GET https://huggingface.co/api/datasets/freds0/FOMO300K_brain_age/tree/main?expand=false&recursive=true&limit=1000&cursor=ZXlKbWFXeGxYMjVoYldVaU9pSlFWREF5TUY5SVExQmZWM1ZmVFdsdWJpOXpkV0l0TURVeE15OXpaWE10TURFdWVtbHdJaXdpZEhKbFpWOXZhV1FpT2lKaFlURm1NemxqWXpBNE5HUTVNREkyTXpobU1XRXhNV05rWmpsa09URTJNemd6TmpRMU1qSTFJbjA9OjIzMDAw "HTTP/1.1 200 OK"
[2026-05-25 13:28:18,727][httpx][INFO] - HTTP Request: GET https://huggingface.co/api/datasets/freds0/FOMO300K_brain_age/tree/main?expand=false&recursive=true&limit=1000&cursor=ZXlKbWFXeGxYMjVoYldVaU9pSlFWREF5TVY5SldFa3ZjM1ZpTFRReE1pOXpaWE10TURFdWVtbHdJaXdpZEhKbFpWOXZhV1FpT2lKaFlURm1NemxqWXpBNE5HUTVNREkyTXpobU1XRXhNV05rWmpsa09URTJNemd6TmpRMU1qSTFJbjA9OjI0MDAw "HTTP/1.1 200 OK"
[2026-05-25 13:28:18,958][httpx][INFO] - HTTP Request: GET https://huggingface.co/api/datasets/freds0/FOMO300K_brain_age/tree/main?expand=false&recursive=true&limit=1000&cursor=ZXlKbWFXeGxYMjVoYldVaU9pSlFWREF5T0Y5UFFWTkpVekV2YzNWaUxUQXdNeTl6WlhNdE1ERXVlbWx3SWl3aWRISmxaVjl2YVdRaU9pSmhZVEZtTXpsall6QTROR1E1TURJMk16aG1NV0V4TVdOa1pqbGtPVEUyTXpnek5qUTFNakkxSW4wPToyNTAwMA%3D%3D "HTTP/1.1 200 OK"
[2026-05-25 13:28:19,185][httpx][INFO] - HTTP Request: GET https://huggingface.co/api/datasets/freds0/FOMO300K_brain_age/tree/main?expand=false&recursive=true&limit=1000&cursor=ZXlKbWFXeGxYMjVoYldVaU9pSlFWREF6TTE5WFFVNUVMM04xWWkwd016SXZjMlZ6TFRBekxucHBjQ0lzSW5SeVpXVmZiMmxrSWpvaVlXRXhaak01WTJNd09EUmtPVEF5TmpNNFpqRmhNVEZqWkdZNVpEa3hOak00TXpZME5USXlOU0o5OjI2MDAw "HTTP/1.1 200 OK"
[2026-05-25 13:28:19,449][httpx][INFO] - HTTP Request: GET https://huggingface.co/api/datasets/freds0/FOMO300K_brain_age/tree/main?expand=false&recursive=true&limit=1000&cursor=ZXlKbWFXeGxYMjVoYldVaU9pSlFWREF6TlY5WllXeGxYMEp5WVdsdVgwMWxkSE5mVEc5dVoybDBkV1JwYm1Gc0wzTjFZaTB3TURFM0wzTmxjeTB3Tnk1NmFYQWlMQ0owY21WbFgyOXBaQ0k2SW1GaE1XWXpPV05qTURnMFpEa3dNall6T0dZeFlURXhZMlJtT1dRNU1UWXpPRE0yTkRVeU1qVWlmUT09OjI3MDAw "HTTP/1.1 200 OK"
[2026-05-25 13:28:19,903][httpx][INFO] - HTTP Request: GET https://huggingface.co/api/datasets/freds0/FOMO300K_brain_age/tree/main?expand=false&recursive=true&limit=1000&cursor=ZXlKbWFXeGxYMjVoYldVaU9pSlFWREF6TlY5WllXeGxYMEp5WVdsdVgwMWxkSE5mVEc5dVoybDBkV1JwYm1Gc0wzTjFZaTB3TVRNMEwzTmxjeTB4Tmk1NmFYQWlMQ0owY21WbFgyOXBaQ0k2SW1GaE1XWXpPV05qTURnMFpEa3dNall6T0dZeFlURXhZMlJtT1dRNU1UWXpPRE0yTkRVeU1qVWlmUT09OjI4MDAw "HTTP/1.1 200 OK"
[2026-05-25 13:28:20,111][httpx][INFO] - HTTP Request: GET https://huggingface.co/api/datasets/freds0/FOMO300K_brain_age/tree/main?expand=false&recursive=true&limit=1000&cursor=ZXlKbWFXeGxYMjVoYldVaU9pSlFWREF6TlY5WllXeGxYMEp5WVdsdVgwMWxkSE5mVEc5dVoybDBkV1JwYm1Gc0wzTjFZaTB3TWpjM0wzTmxjeTB3Tmk1NmFYQWlMQ0owY21WbFgyOXBaQ0k2SW1GaE1XWXpPV05qTURnMFpEa3dNall6T0dZeFlURXhZMlJtT1dRNU1UWXpPRE0yTkRVeU1qVWlmUT09OjI5MDAw "HTTP/1.1 200 OK"
[2026-05-25 13:28:20,334][httpx][INFO] - HTTP Request: GET https://huggingface.co/api/datasets/freds0/FOMO300K_brain_age/tree/main?expand=false&recursive=true&limit=1000&cursor=ZXlKbWFXeGxYMjVoYldVaU9pSlFWREF6TlY5WllXeGxYMEp5WVdsdVgwMWxkSE5mVEc5dVoybDBkV1JwYm1Gc0wzTjFZaTB3TkRBNUwzTmxjeTB3TXk1NmFYQWlMQ0owY21WbFgyOXBaQ0k2SW1GaE1XWXpPV05qTURnMFpEa3dNall6T0dZeFlURXhZMlJtT1dRNU1UWXpPRE0yTkRVeU1qVWlmUT09OjMwMDAw "HTTP/1.1 200 OK"
[2026-05-25 13:28:20,583][httpx][INFO] - HTTP Request: GET https://huggingface.co/api/datasets/freds0/FOMO300K_brain_age/tree/main?expand=false&recursive=true&limit=1000&cursor=ZXlKbWFXeGxYMjVoYldVaU9pSlFWREF6TlY5WllXeGxYMEp5WVdsdVgwMWxkSE5mVEc5dVoybDBkV1JwYm1Gc0wzTjFZaTB3TlRNNUwzTmxjeTB3Tmk1NmFYQWlMQ0owY21WbFgyOXBaQ0k2SW1GaE1XWXpPV05qTURnMFpEa3dNall6T0dZeFlURXhZMlJtT1dRNU1UWXpPRE0yTkRVeU1qVWlmUT09OjMxMDAw "HTTP/1.1 200 OK"
[2026-05-25 13:28:20,794][httpx][INFO] - HTTP Request: GET https://huggingface.co/api/datasets/freds0/FOMO300K_brain_age/tree/main?expand=false&recursive=true&limit=1000&cursor=ZXlKbWFXeGxYMjVoYldVaU9pSlFWREF6TlY5WllXeGxYMEp5WVdsdVgwMWxkSE5mVEc5dVoybDBkV1JwYm1Gc0wzTjFZaTB3TmpjMEwzTmxjeTB3Tnk1NmFYQWlMQ0owY21WbFgyOXBaQ0k2SW1GaE1XWXpPV05qTURnMFpEa3dNall6T0dZeFlURXhZMlJtT1dRNU1UWXpPRE0yTkRVeU1qVWlmUT09OjMyMDAw "HTTP/1.1 200 OK"
[2026-05-25 13:28:21,026][httpx][INFO] - HTTP Request: GET https://huggingface.co/api/datasets/freds0/FOMO300K_brain_age/tree/main?expand=false&recursive=true&limit=1000&cursor=ZXlKbWFXeGxYMjVoYldVaU9pSlFWREF6TlY5WllXeGxYMEp5WVdsdVgwMWxkSE5mVEc5dVoybDBkV1JwYm1Gc0wzTjFZaTB3TnpjMEwzTmxjeTB5T0M1NmFYQWlMQ0owY21WbFgyOXBaQ0k2SW1GaE1XWXpPV05qTURnMFpEa3dNall6T0dZeFlURXhZMlJtT1dRNU1UWXpPRE0yTkRVeU1qVWlmUT09OjMzMDAw "HTTP/1.1 200 OK"
[2026-05-25 13:28:21,252][httpx][INFO] - HTTP Request: GET https://huggingface.co/api/datasets/freds0/FOMO300K_brain_age/tree/main?expand=false&recursive=true&limit=1000&cursor=ZXlKbWFXeGxYMjVoYldVaU9pSlFWREF6TlY5WllXeGxYMEp5WVdsdVgwMWxkSE5mVEc5dVoybDBkV1JwYm1Gc0wzTjFZaTB3T1RBd0wzTmxjeTB3TXk1NmFYQWlMQ0owY21WbFgyOXBaQ0k2SW1GaE1XWXpPV05qTURnMFpEa3dNall6T0dZeFlURXhZMlJtT1dRNU1UWXpPRE0yTkRVeU1qVWlmUT09OjM0MDAw "HTTP/1.1 200 OK"
[2026-05-25 13:28:21,710][httpx][INFO] - HTTP Request: GET https://huggingface.co/api/datasets/freds0/FOMO300K_brain_age/tree/main?expand=false&recursive=true&limit=1000&cursor=ZXlKbWFXeGxYMjVoYldVaU9pSlFWREF6TlY5WllXeGxYMEp5WVdsdVgwMWxkSE5mVEc5dVoybDBkV1JwYm1Gc0wzTjFZaTB4TURBMUwzTmxjeTB3TXk1NmFYQWlMQ0owY21WbFgyOXBaQ0k2SW1GaE1XWXpPV05qTURnMFpEa3dNall6T0dZeFlURXhZMlJtT1dRNU1UWXpPRE0yTkRVeU1qVWlmUT09OjM1MDAw "HTTP/1.1 200 OK"
[2026-05-25 13:28:21,935][httpx][INFO] - HTTP Request: GET https://huggingface.co/api/datasets/freds0/FOMO300K_brain_age/tree/main?expand=false&recursive=true&limit=1000&cursor=ZXlKbWFXeGxYMjVoYldVaU9pSlFWREF6TlY5WllXeGxYMEp5WVdsdVgwMWxkSE5mVEc5dVoybDBkV1JwYm1Gc0wzTjFZaTB4TVRBeUwzTmxjeTB3Tnk1NmFYQWlMQ0owY21WbFgyOXBaQ0k2SW1GaE1XWXpPV05qTURnMFpEa3dNall6T0dZeFlURXhZMlJtT1dRNU1UWXpPRE0yTkRVeU1qVWlmUT09OjM2MDAw "HTTP/1.1 200 OK"
[2026-05-25 13:28:22,200][httpx][INFO] - HTTP Request: GET https://huggingface.co/api/datasets/freds0/FOMO300K_brain_age/tree/main?expand=false&recursive=true&limit=1000&cursor=ZXlKbWFXeGxYMjVoYldVaU9pSlFWREF6TlY5WllXeGxYMEp5WVdsdVgwMWxkSE5mVEc5dVoybDBkV1JwYm1Gc0wzTjFZaTB4TWpJNEwzTmxjeTB3TVM1NmFYQWlMQ0owY21WbFgyOXBaQ0k2SW1GaE1XWXpPV05qTURnMFpEa3dNall6T0dZeFlURXhZMlJtT1dRNU1UWXpPRE0yTkRVeU1qVWlmUT09OjM3MDAw "HTTP/1.1 200 OK"
[2026-05-25 13:28:22,438][httpx][INFO] - HTTP Request: GET https://huggingface.co/api/datasets/freds0/FOMO300K_brain_age/tree/main?expand=false&recursive=true&limit=1000&cursor=ZXlKbWFXeGxYMjVoYldVaU9pSlFWREF6TlY5WllXeGxYMEp5WVdsdVgwMWxkSE5mVEc5dVoybDBkV1JwYm1Gc0wzTjFZaTB4TXpVeUwzTmxjeTB3TWk1NmFYQWlMQ0owY21WbFgyOXBaQ0k2SW1GaE1XWXpPV05qTURnMFpEa3dNall6T0dZeFlURXhZMlJtT1dRNU1UWXpPRE0yTkRVeU1qVWlmUT09OjM4MDAw "HTTP/1.1 200 OK"
[2026-05-25 13:28:22,843][httpx][INFO] - HTTP Request: HEAD https://huggingface.co/datasets/freds0/FOMO300K_brain_age/resolve/main/PT018_HBN/sub-3682/ses-01.zip "HTTP/1.1 302 Found"
[2026-05-25 13:28:22,848][httpx][INFO] - HTTP Request: HEAD https://huggingface.co/datasets/freds0/FOMO300K_brain_age/resolve/main/PT018_HBN/sub-0564/ses-01.zip "HTTP/1.1 302 Found"
[2026-05-25 13:28:22,851][httpx][INFO] - HTTP Request: HEAD https://huggingface.co/datasets/freds0/FOMO300K_brain_age/resolve/main/PT028_OASIS1/sub-415/ses-01.zip "HTTP/1.1 302 Found"
[2026-05-25 13:28:22,854][httpx][INFO] - HTTP Request: HEAD https://huggingface.co/datasets/freds0/FOMO300K_brain_age/resolve/main/PT018_HBN/sub-0376/ses-01.zip "HTTP/1.1 302 Found"
[2026-05-25 13:28:23,273][httpx][INFO] - HTTP Request: HEAD https://huggingface.co/datasets/freds0/FOMO300K_brain_age/resolve/main/PT035_Yale_Brain_Mets_Longitudinal/sub-1253/ses-06.zip "HTTP/1.1 302 Found"
[2026-05-25 13:28:23,282][httpx][INFO] - HTTP Request: HEAD https://huggingface.co/datasets/freds0/FOMO300K_brain_age/resolve/main/PT018_HBN/sub-2562/ses-01.zip "HTTP/1.1 302 Found"
[2026-05-25 13:28:23,337][httpx][INFO] - HTTP Request: HEAD https://huggingface.co/datasets/freds0/FOMO300K_brain_age/resolve/main/PT028_OASIS1/sub-122/ses-01.zip "HTTP/1.1 302 Found"
[2026-05-25 13:28:23,558][httpx][INFO] - HTTP Request: HEAD https://huggingface.co/datasets/freds0/FOMO300K_brain_age/resolve/main/PT016_GSP/sub-1360/ses-01.zip "HTTP/1.1 302 Found"
[2026-05-25 13:28:23,582][httpx][INFO] - HTTP Request: HEAD https://huggingface.co/datasets/freds0/FOMO300K_brain_age/resolve/main/PT029_OASIS2/sub-041/ses-02.zip "HTTP/1.1 302 Found"
[2026-05-25 13:28:23,692][httpx][INFO] - HTTP Request: HEAD https://huggingface.co/datasets/freds0/FOMO300K_brain_age/resolve/main/PT004_ACPI/sub-021/ses-01.zip "HTTP/1.1 302 Found"
[2026-05-25 13:28:23,724][httpx][INFO] - HTTP Request: HEAD https://huggingface.co/datasets/freds0/FOMO300K_brain_age/resolve/main/PT021_IXI/sub-183/ses-01.zip "HTTP/1.1 302 Found"
[2026-05-25 13:28:23,857][httpx][INFO] - HTTP Request: HEAD https://huggingface.co/datasets/freds0/FOMO300K_brain_age/resolve/main/PT035_Yale_Brain_Mets_Longitudinal/sub-1305/ses-03.zip "HTTP/1.1 302 Found"
[2026-05-25 13:28:24,058][httpx][INFO] - HTTP Request: HEAD https://huggingface.co/datasets/freds0/FOMO300K_brain_age/resolve/main/PT018_HBN/sub-2582/ses-01.zip "HTTP/1.1 302 Found"
[2026-05-25 13:28:24,103][httpx][INFO] - HTTP Request: HEAD https://huggingface.co/datasets/freds0/FOMO300K_brain_age/resolve/main/PT018_HBN/sub-3384/ses-01.zip "HTTP/1.1 302 Found"
[2026-05-25 13:28:24,148][httpx][INFO] - HTTP Request: HEAD https://huggingface.co/datasets/freds0/FOMO300K_brain_age/resolve/main/PT018_HBN/sub-0739/ses-01.zip "HTTP/1.1 302 Found"
[2026-05-25 13:28:24,152][httpx][INFO] - HTTP Request: HEAD https://huggingface.co/datasets/freds0/FOMO300K_brain_age/resolve/main/PT029_OASIS2/sub-018/ses-01.zip "HTTP/1.1 302 Found"
[2026-05-25 13:28:24,529][httpx][INFO] - HTTP Request: HEAD https://huggingface.co/datasets/freds0/FOMO300K_brain_age/resolve/main/PT035_Yale_Brain_Mets_Longitudinal/sub-0143/ses-04.zip "HTTP/1.1 302 Found"
[2026-05-25 13:28:24,692][httpx][INFO] - HTTP Request: HEAD https://huggingface.co/datasets/freds0/FOMO300K_brain_age/resolve/main/PT035_Yale_Brain_Mets_Longitudinal/sub-0319/ses-01.zip "HTTP/1.1 302 Found"
[2026-05-25 13:28:24,700][httpx][INFO] - HTTP Request: HEAD https://huggingface.co/datasets/freds0/FOMO300K_brain_age/resolve/main/PT035_Yale_Brain_Mets_Longitudinal/sub-0147/ses-08.zip "HTTP/1.1 302 Found"
[2026-05-25 13:28:24,739][httpx][INFO] - HTTP Request: HEAD https://huggingface.co/datasets/freds0/FOMO300K_brain_age/resolve/main/PT018_HBN/sub-1479/ses-01.zip "HTTP/1.1 302 Found"
[2026-05-25 13:28:24,826][httpx][INFO] - HTTP Request: HEAD https://huggingface.co/datasets/freds0/FOMO300K_brain_age/resolve/main/PT035_Yale_Brain_Mets_Longitudinal/sub-0692/ses-10.zip "HTTP/1.1 302 Found"
[2026-05-25 13:28:24,931][httpx][INFO] - HTTP Request: HEAD https://huggingface.co/datasets/freds0/FOMO300K_brain_age/resolve/main/PT033_WAND/sub-098/ses-02.zip "HTTP/1.1 302 Found"
[2026-05-25 13:28:24,938][httpx][INFO] - HTTP Request: HEAD https://huggingface.co/datasets/freds0/FOMO300K_brain_age/resolve/main/PT014_CoRR/sub-1401/ses-02.zip "HTTP/1.1 302 Found"
[2026-05-25 13:28:25,123][httpx][INFO] - HTTP Request: HEAD https://huggingface.co/datasets/freds0/FOMO300K_brain_age/resolve/main/PT035_Yale_Brain_Mets_Longitudinal/sub-0373/ses-14.zip "HTTP/1.1 302 Found"
[2026-05-25 13:28:25,245][httpx][INFO] - HTTP Request: HEAD https://huggingface.co/datasets/freds0/FOMO300K_brain_age/resolve/main/PT018_HBN/sub-0460/ses-01.zip "HTTP/1.1 302 Found"
[2026-05-25 13:28:25,383][httpx][INFO] - HTTP Request: HEAD https://huggingface.co/datasets/freds0/FOMO300K_brain_age/resolve/main/PT035_Yale_Brain_Mets_Longitudinal/sub-0199/ses-05.zip "HTTP/1.1 302 Found"
[2026-05-25 13:28:25,419][httpx][INFO] - HTTP Request: HEAD https://huggingface.co/datasets/freds0/FOMO300K_brain_age/resolve/main/PT035_Yale_Brain_Mets_Longitudinal/sub-1043/ses-05.zip "HTTP/1.1 302 Found"
[2026-05-25 13:28:25,510][httpx][INFO] - HTTP Request: HEAD https://huggingface.co/datasets/freds0/FOMO300K_brain_age/resolve/main/PT029_OASIS2/sub-072/ses-01.zip "HTTP/1.1 302 Found"
[2026-05-25 13:28:25,591][httpx][INFO] - HTTP Request: HEAD https://huggingface.co/datasets/freds0/FOMO300K_brain_age/resolve/main/PT028_OASIS1/sub-415/ses-01.zip "HTTP/1.1 302 Found"
[2026-05-25 13:28:25,591][httpx][INFO] - HTTP Request: HEAD https://huggingface.co/datasets/freds0/FOMO300K_brain_age/resolve/main/PT018_HBN/sub-0564/ses-01.zip "HTTP/1.1 302 Found"
[2026-05-25 13:28:25,592][httpx][INFO] - HTTP Request: HEAD https://huggingface.co/datasets/freds0/FOMO300K_brain_age/resolve/main/PT018_HBN/sub-0376/ses-01.zip "HTTP/1.1 302 Found"
[2026-05-25 13:28:25,597][httpx][INFO] - HTTP Request: HEAD https://huggingface.co/datasets/freds0/FOMO300K_brain_age/resolve/main/PT018_HBN/sub-3682/ses-01.zip "HTTP/1.1 302 Found"
[2026-05-25 13:28:25,654][httpx][INFO] - HTTP Request: HEAD https://huggingface.co/datasets/freds0/FOMO300K_brain_age/resolve/main/PT018_HBN/sub-1356/ses-01.zip "HTTP/1.1 302 Found"
[2026-05-25 13:28:25,871][httpx][INFO] - HTTP Request: HEAD https://huggingface.co/datasets/freds0/FOMO300K_brain_age/resolve/main/PT036_Yale_HighRes/sub-026/ses-01.zip "HTTP/1.1 302 Found"
[2026-05-25 13:28:26,014][httpx][INFO] - HTTP Request: HEAD https://huggingface.co/datasets/freds0/FOMO300K_brain_age/resolve/main/PT035_Yale_Brain_Mets_Longitudinal/sub-1253/ses-06.zip "HTTP/1.1 302 Found"
[2026-05-25 13:28:26,023][httpx][INFO] - HTTP Request: HEAD https://huggingface.co/datasets/freds0/FOMO300K_brain_age/resolve/main/PT018_HBN/sub-2562/ses-01.zip "HTTP/1.1 302 Found"
[2026-05-25 13:28:26,098][httpx][INFO] - HTTP Request: HEAD https://huggingface.co/datasets/freds0/FOMO300K_brain_age/resolve/main/PT035_Yale_Brain_Mets_Longitudinal/sub-0695/ses-01.zip "HTTP/1.1 302 Found"
[2026-05-25 13:28:26,116][httpx][INFO] - HTTP Request: HEAD https://huggingface.co/datasets/freds0/FOMO300K_brain_age/resolve/main/PT028_OASIS1/sub-122/ses-01.zip "HTTP/1.1 302 Found"
[2026-05-25 13:28:26,135][httpx][INFO] - HTTP Request: HEAD https://huggingface.co/datasets/freds0/FOMO300K_brain_age/resolve/main/PT018_HBN/sub-0712/ses-01.zip "HTTP/1.1 302 Found"
[2026-05-25 13:28:26,167][httpx][INFO] - HTTP Request: HEAD https://huggingface.co/datasets/freds0/FOMO300K_brain_age/resolve/main/PT014_CoRR/sub-0270/ses-01.zip "HTTP/1.1 302 Found"
[2026-05-25 13:28:26,292][httpx][INFO] - HTTP Request: HEAD https://huggingface.co/datasets/freds0/FOMO300K_brain_age/resolve/main/PT016_GSP/sub-1360/ses-01.zip "HTTP/1.1 302 Found"
[2026-05-25 13:28:26,321][httpx][INFO] - HTTP Request: HEAD https://huggingface.co/datasets/freds0/FOMO300K_brain_age/resolve/main/PT029_OASIS2/sub-041/ses-02.zip "HTTP/1.1 302 Found"
[2026-05-25 13:28:26,440][httpx][INFO] - HTTP Request: HEAD https://huggingface.co/datasets/freds0/FOMO300K_brain_age/resolve/main/PT004_ACPI/sub-021/ses-01.zip "HTTP/1.1 302 Found"
[2026-05-25 13:28:26,539][httpx][INFO] - HTTP Request: HEAD https://huggingface.co/datasets/freds0/FOMO300K_brain_age/resolve/main/PT018_HBN/sub-0542/ses-01.zip "HTTP/1.1 302 Found"
[2026-05-25 13:28:26,555][httpx][INFO] - HTTP Request: HEAD https://huggingface.co/datasets/freds0/FOMO300K_brain_age/resolve/main/PT033_WAND/sub-030/ses-03.zip "HTTP/1.1 302 Found"
[2026-05-25 13:28:26,588][httpx][INFO] - HTTP Request: HEAD https://huggingface.co/datasets/freds0/FOMO300K_brain_age/resolve/main/PT021_IXI/sub-183/ses-01.zip "HTTP/1.1 302 Found"
[2026-05-25 13:28:26,608][httpx][INFO] - HTTP Request: HEAD https://huggingface.co/datasets/freds0/FOMO300K_brain_age/resolve/main/PT035_Yale_Brain_Mets_Longitudinal/sub-1305/ses-03.zip "HTTP/1.1 302 Found"
[2026-05-25 13:28:26,821][httpx][INFO] - HTTP Request: HEAD https://huggingface.co/datasets/freds0/FOMO300K_brain_age/resolve/main/PT018_HBN/sub-2582/ses-01.zip "HTTP/1.1 302 Found"
[2026-05-25 13:28:26,879][httpx][INFO] - HTTP Request: HEAD https://huggingface.co/datasets/freds0/FOMO300K_brain_age/resolve/main/PT018_HBN/sub-0739/ses-01.zip "HTTP/1.1 302 Found"
[2026-05-25 13:28:26,886][httpx][INFO] - HTTP Request: HEAD https://huggingface.co/datasets/freds0/FOMO300K_brain_age/resolve/main/PT029_OASIS2/sub-018/ses-01.zip "HTTP/1.1 302 Found"
[2026-05-25 13:28:26,935][httpx][INFO] - HTTP Request: HEAD https://huggingface.co/datasets/freds0/FOMO300K_brain_age/resolve/main/PT035_Yale_Brain_Mets_Longitudinal/sub-0973/ses-05.zip "HTTP/1.1 302 Found"
[2026-05-25 13:28:26,968][httpx][INFO] - HTTP Request: HEAD https://huggingface.co/datasets/freds0/FOMO300K_brain_age/resolve/main/PT018_HBN/sub-3384/ses-01.zip "HTTP/1.1 302 Found"
[2026-05-25 13:28:27,177][httpx][INFO] - HTTP Request: HEAD https://huggingface.co/datasets/freds0/FOMO300K_brain_age/resolve/main/PT035_Yale_Brain_Mets_Longitudinal/sub-1361/ses-09.zip "HTTP/1.1 302 Found"
[2026-05-25 13:28:27,352][httpx][INFO] - HTTP Request: HEAD https://huggingface.co/datasets/freds0/FOMO300K_brain_age/resolve/main/PT018_HBN/sub-0878/ses-01.zip "HTTP/1.1 302 Found"
[2026-05-25 13:28:27,391][httpx][INFO] - HTTP Request: HEAD https://huggingface.co/datasets/freds0/FOMO300K_brain_age/resolve/main/PT035_Yale_Brain_Mets_Longitudinal/sub-0143/ses-04.zip "HTTP/1.1 302 Found"
[2026-05-25 13:28:27,424][httpx][INFO] - HTTP Request: HEAD https://huggingface.co/datasets/freds0/FOMO300K_brain_age/resolve/main/PT035_Yale_Brain_Mets_Longitudinal/sub-0319/ses-01.zip "HTTP/1.1 302 Found"
[2026-05-25 13:28:27,493][httpx][INFO] - HTTP Request: HEAD https://huggingface.co/datasets/freds0/FOMO300K_brain_age/resolve/main/PT035_Yale_Brain_Mets_Longitudinal/sub-0147/ses-08.zip "HTTP/1.1 302 Found"
[2026-05-25 13:28:27,508][httpx][INFO] - HTTP Request: HEAD https://huggingface.co/datasets/freds0/FOMO300K_brain_age/resolve/main/PT018_HBN/sub-1479/ses-01.zip "HTTP/1.1 302 Found"
[2026-05-25 13:28:27,665][httpx][INFO] - HTTP Request: HEAD https://huggingface.co/datasets/freds0/FOMO300K_brain_age/resolve/main/PT033_WAND/sub-098/ses-02.zip "HTTP/1.1 302 Found"
[2026-05-25 13:28:27,683][httpx][INFO] - HTTP Request: HEAD https://huggingface.co/datasets/freds0/FOMO300K_brain_age/resolve/main/PT035_Yale_Brain_Mets_Longitudinal/sub-0692/ses-10.zip "HTTP/1.1 302 Found"
[2026-05-25 13:28:27,735][httpx][INFO] - HTTP Request: HEAD https://huggingface.co/datasets/freds0/FOMO300K_brain_age/resolve/main/PT014_CoRR/sub-1401/ses-02.zip "HTTP/1.1 302 Found"
[2026-05-25 13:28:27,791][httpx][INFO] - HTTP Request: HEAD https://huggingface.co/datasets/freds0/FOMO300K_brain_age/resolve/main/PT014_CoRR/sub-0138/ses-01.zip "HTTP/1.1 302 Found"
[2026-05-25 13:28:27,874][httpx][INFO] - HTTP Request: HEAD https://huggingface.co/datasets/freds0/FOMO300K_brain_age/resolve/main/PT028_OASIS1/sub-018/ses-01.zip "HTTP/1.1 302 Found"
[2026-05-25 13:28:27,980][httpx][INFO] - HTTP Request: HEAD https://huggingface.co/datasets/freds0/FOMO300K_brain_age/resolve/main/PT035_Yale_Brain_Mets_Longitudinal/sub-0373/ses-14.zip "HTTP/1.1 302 Found"
[2026-05-25 13:28:28,015][httpx][INFO] - HTTP Request: HEAD https://huggingface.co/datasets/freds0/FOMO300K_brain_age/resolve/main/PT018_HBN/sub-0460/ses-01.zip "HTTP/1.1 302 Found"
[2026-05-25 13:28:28,097][httpx][INFO] - HTTP Request: HEAD https://huggingface.co/datasets/freds0/FOMO300K_brain_age/resolve/main/PT035_Yale_Brain_Mets_Longitudinal/sub-0199/ses-05.zip "HTTP/1.1 302 Found"
[2026-05-25 13:28:28,248][httpx][INFO] - HTTP Request: HEAD https://huggingface.co/datasets/freds0/FOMO300K_brain_age/resolve/main/PT029_OASIS2/sub-072/ses-01.zip "HTTP/1.1 302 Found"
[2026-05-25 13:28:28,262][httpx][INFO] - HTTP Request: HEAD https://huggingface.co/datasets/freds0/FOMO300K_brain_age/resolve/main/PT035_Yale_Brain_Mets_Longitudinal/sub-1043/ses-05.zip "HTTP/1.1 302 Found"
[2026-05-25 13:28:28,375][httpx][INFO] - HTTP Request: HEAD https://huggingface.co/datasets/freds0/FOMO300K_brain_age/resolve/main/PT018_HBN/sub-1356/ses-01.zip "HTTP/1.1 302 Found"
[2026-05-25 13:28:28,621][httpx][INFO] - HTTP Request: HEAD https://huggingface.co/datasets/freds0/FOMO300K_brain_age/resolve/main/PT036_Yale_HighRes/sub-026/ses-01.zip "HTTP/1.1 302 Found"
[2026-05-25 13:28:28,764][httpx][INFO] - HTTP Request: HEAD https://huggingface.co/datasets/freds0/FOMO300K_brain_age/resolve/main/PT035_Yale_Brain_Mets_Longitudinal/sub-0695/ses-01.zip "HTTP/1.1 302 Found"
[2026-05-25 13:28:28,860][httpx][INFO] - HTTP Request: HEAD https://huggingface.co/datasets/freds0/FOMO300K_brain_age/resolve/main/PT018_HBN/sub-0712/ses-01.zip "HTTP/1.1 302 Found"
[2026-05-25 13:28:33,617][httpx][INFO] - HTTP Request: HEAD https://huggingface.co/datasets/freds0/FOMO300K_brain_age/resolve/main/PT035_Yale_Brain_Mets_Longitudinal/sub-1035/ses-04.zip "HTTP/1.1 302 Found"
[2026-05-25 13:28:33,622][httpx][INFO] - HTTP Request: HEAD https://huggingface.co/datasets/freds0/FOMO300K_brain_age/resolve/main/PT035_Yale_Brain_Mets_Longitudinal/sub-0338/ses-19.zip "HTTP/1.1 302 Found"
[2026-05-25 13:28:33,622][httpx][INFO] - HTTP Request: HEAD https://huggingface.co/datasets/freds0/FOMO300K_brain_age/resolve/main/PT018_HBN/sub-3488/ses-01.zip "HTTP/1.1 302 Found"
[2026-05-25 13:28:33,932][httpx][INFO] - HTTP Request: HEAD https://huggingface.co/datasets/freds0/FOMO300K_brain_age/resolve/main/PT035_Yale_Brain_Mets_Longitudinal/sub-0033/ses-01.zip "HTTP/1.1 302 Found"
[2026-05-25 13:28:33,934][httpx][INFO] - HTTP Request: HEAD https://huggingface.co/datasets/freds0/FOMO300K_brain_age/resolve/main/PT018_HBN/sub-3169/ses-01.zip "HTTP/1.1 302 Found"
[2026-05-25 13:28:34,195][httpx][INFO] - HTTP Request: HEAD https://huggingface.co/datasets/freds0/FOMO300K_brain_age/resolve/main/PT029_OASIS2/sub-031/ses-03.zip "HTTP/1.1 302 Found"
[2026-05-25 13:28:34,292][httpx][INFO] - HTTP Request: HEAD https://huggingface.co/datasets/freds0/FOMO300K_brain_age/resolve/main/PT014_CoRR/sub-1486/ses-01.zip "HTTP/1.1 302 Found"
[2026-05-25 13:28:34,330][httpx][INFO] - HTTP Request: HEAD https://huggingface.co/datasets/freds0/FOMO300K_brain_age/resolve/main/PT035_Yale_Brain_Mets_Longitudinal/sub-0522/ses-10.zip "HTTP/1.1 302 Found"
[2026-05-25 13:28:34,605][httpx][INFO] - HTTP Request: HEAD https://huggingface.co/datasets/freds0/FOMO300K_brain_age/resolve/main/PT029_OASIS2/sub-010/ses-01.zip "HTTP/1.1 302 Found"
[2026-05-25 13:28:34,704][httpx][INFO] - HTTP Request: HEAD https://huggingface.co/datasets/freds0/FOMO300K_brain_age/resolve/main/PT035_Yale_Brain_Mets_Longitudinal/sub-0811/ses-09.zip "HTTP/1.1 302 Found"
[2026-05-25 13:28:34,720][httpx][INFO] - HTTP Request: HEAD https://huggingface.co/datasets/freds0/FOMO300K_brain_age/resolve/main/PT016_GSP/sub-1612/ses-01.zip "HTTP/1.1 302 Found"
[2026-05-25 13:28:34,978][httpx][INFO] - HTTP Request: HEAD https://huggingface.co/datasets/freds0/FOMO300K_brain_age/resolve/main/PT035_Yale_Brain_Mets_Longitudinal/sub-1261/ses-13.zip "HTTP/1.1 302 Found"
[2026-05-25 13:28:35,040][httpx][INFO] - HTTP Request: HEAD https://huggingface.co/datasets/freds0/FOMO300K_brain_age/resolve/main/PT029_OASIS2/sub-150/ses-01.zip "HTTP/1.1 302 Found"
[2026-05-25 13:28:35,138][httpx][INFO] - HTTP Request: HEAD https://huggingface.co/datasets/freds0/FOMO300K_brain_age/resolve/main/PT028_OASIS1/sub-016/ses-01.zip "HTTP/1.1 302 Found"
[2026-05-25 13:28:35,250][httpx][INFO] - HTTP Request: HEAD https://huggingface.co/datasets/freds0/FOMO300K_brain_age/resolve/main/PT018_HBN/sub-1329/ses-01.zip "HTTP/1.1 302 Found"
[2026-05-25 13:28:35,547][httpx][INFO] - HTTP Request: HEAD https://huggingface.co/datasets/freds0/FOMO300K_brain_age/resolve/main/PT029_OASIS2/sub-041/ses-02.zip "HTTP/1.1 302 Found"
[2026-05-25 13:28:35,554][httpx][INFO] - HTTP Request: HEAD https://huggingface.co/datasets/freds0/FOMO300K_brain_age/resolve/main/PT028_OASIS1/sub-043/ses-01.zip "HTTP/1.1 302 Found"
[2026-05-25 13:28:35,641][httpx][INFO] - HTTP Request: HEAD https://huggingface.co/datasets/freds0/FOMO300K_brain_age/resolve/main/PT028_OASIS1/sub-066/ses-01.zip "HTTP/1.1 302 Found"
[2026-05-25 13:28:35,966][httpx][INFO] - HTTP Request: HEAD https://huggingface.co/datasets/freds0/FOMO300K_brain_age/resolve/main/PT035_Yale_Brain_Mets_Longitudinal/sub-0507/ses-08.zip "HTTP/1.1 302 Found"
[2026-05-25 13:28:36,026][httpx][INFO] - HTTP Request: HEAD https://huggingface.co/datasets/freds0/FOMO300K_brain_age/resolve/main/PT034_Wayne/sub-021/ses-02.zip "HTTP/1.1 302 Found"
[2026-05-25 13:28:36,131][httpx][INFO] - HTTP Request: HEAD https://huggingface.co/datasets/freds0/FOMO300K_brain_age/resolve/main/PT028_OASIS1/sub-080/ses-01.zip "HTTP/1.1 302 Found"
[2026-05-25 13:28:36,218][httpx][INFO] - HTTP Request: HEAD https://huggingface.co/datasets/freds0/FOMO300K_brain_age/resolve/main/PT035_Yale_Brain_Mets_Longitudinal/sub-1141/ses-12.zip "HTTP/1.1 302 Found"
[2026-05-25 13:28:36,487][httpx][INFO] - HTTP Request: HEAD https://huggingface.co/datasets/freds0/FOMO300K_brain_age/resolve/main/PT035_Yale_Brain_Mets_Longitudinal/sub-0999/ses-04.zip "HTTP/1.1 302 Found"
[2026-05-25 13:28:36,534][httpx][INFO] - HTTP Request: HEAD https://huggingface.co/datasets/freds0/FOMO300K_brain_age/resolve/main/PT035_Yale_Brain_Mets_Longitudinal/sub-1122/ses-19.zip "HTTP/1.1 302 Found"
[2026-05-25 13:28:36,748][httpx][INFO] - HTTP Request: HEAD https://huggingface.co/datasets/freds0/FOMO300K_brain_age/resolve/main/PT029_OASIS2/sub-062/ses-01.zip "HTTP/1.1 302 Found"
[2026-05-25 13:28:36,805][httpx][INFO] - HTTP Request: HEAD https://huggingface.co/datasets/freds0/FOMO300K_brain_age/resolve/main/PT035_Yale_Brain_Mets_Longitudinal/sub-0436/ses-05.zip "HTTP/1.1 302 Found"
[2026-05-25 13:28:37,073][httpx][INFO] - HTTP Request: HEAD https://huggingface.co/datasets/freds0/FOMO300K_brain_age/resolve/main/PT028_OASIS1/sub-005/ses-01.zip "HTTP/1.1 302 Found"
[2026-05-25 13:28:37,268][httpx][INFO] - HTTP Request: HEAD https://huggingface.co/datasets/freds0/FOMO300K_brain_age/resolve/main/PT035_Yale_Brain_Mets_Longitudinal/sub-0025/ses-29.zip "HTTP/1.1 302 Found"
[2026-05-25 13:28:37,448][httpx][INFO] - HTTP Request: HEAD https://huggingface.co/datasets/freds0/FOMO300K_brain_age/resolve/main/PT035_Yale_Brain_Mets_Longitudinal/sub-0498/ses-14.zip "HTTP/1.1 302 Found"
[2026-05-25 13:28:37,534][httpx][INFO] - HTTP Request: HEAD https://huggingface.co/datasets/freds0/FOMO300K_brain_age/resolve/main/PT035_Yale_Brain_Mets_Longitudinal/sub-0461/ses-01.zip "HTTP/1.1 302 Found"
[2026-05-25 13:28:37,750][httpx][INFO] - HTTP Request: HEAD https://huggingface.co/datasets/freds0/FOMO300K_brain_age/resolve/main/PT018_HBN/sub-3261/ses-01.zip "HTTP/1.1 302 Found"
[2026-05-25 13:28:38,145][httpx][INFO] - HTTP Request: HEAD https://huggingface.co/datasets/freds0/FOMO300K_brain_age/resolve/main/PT028_OASIS1/sub-301/ses-01.zip "HTTP/1.1 302 Found"
