[2026-05-25 13:13:47,912][__main__][INFO] - Instantiating datamodule <flowlet.data.fomo300k_datamodule.FOMO300KDataModule>
[2026-05-25 13:13:48,122][__main__][INFO] - Instantiating model <flowlet.flowlet.FlowLet>
[2026-05-25 13:13:48,664][__main__][INFO] - Model: FlowLet(
  wavelet_shape=(8, 64, 64, 64),
  volume_shape=[128, 128, 128],
  num_parameters=131,170,312,
)
[2026-05-25 13:13:48,664][__main__][INFO] - Number of parameters: 131,170,312
[2026-05-25 13:13:48,664][__main__][INFO] - Instantiating callbacks...
[2026-05-25 13:13:48,664][flowlet.utils.instantiators][INFO] - Instantiating callback <lightning.pytorch.callbacks.ModelCheckpoint>
[2026-05-25 13:13:48,666][flowlet.utils.instantiators][INFO] - Instantiating callback <lightning.pytorch.callbacks.RichModelSummary>
[2026-05-25 13:13:48,666][flowlet.utils.instantiators][INFO] - Instantiating callback <lightning.pytorch.callbacks.RichProgressBar>
[2026-05-25 13:13:48,667][__main__][INFO] - Instantiating loggers...
[2026-05-25 13:13:48,667][flowlet.utils.instantiators][INFO] - Instantiating logger <lightning.pytorch.loggers.tensorboard.TensorBoardLogger>
[2026-05-25 13:13:48,668][__main__][INFO] - Instantiating trainer <lightning.pytorch.trainer.Trainer>
[2026-05-25 13:13:48,687][__main__][INFO] - Logging hyperparameters!
[2026-05-25 13:13:48,762][__main__][INFO] - Starting training!
[2026-05-25 13:13:49,139][httpx][INFO] - HTTP Request: HEAD https://huggingface.co/datasets/freds0/FOMO300K_brain_age/resolve/main/participants.tsv "HTTP/1.1 307 Temporary Redirect"
[2026-05-25 13:13:49,140][huggingface_hub.utils._http][WARNING] - Warning: You are sending unauthenticated requests to the HF Hub. Please set a HF_TOKEN to enable higher rate limits and faster downloads.
[2026-05-25 13:13:49,163][httpx][INFO] - HTTP Request: HEAD https://huggingface.co/api/resolve-cache/datasets/freds0/FOMO300K_brain_age/d8d9fc5592ca171f83fef49f4b90535242e8cdcf/participants.tsv "HTTP/1.1 200 OK"
[2026-05-25 13:13:49,349][httpx][INFO] - HTTP Request: HEAD https://huggingface.co/datasets/freds0/FOMO300K_brain_age/resolve/main/mapping.tsv "HTTP/1.1 302 Found"
[2026-05-25 13:13:50,061][httpx][INFO] - HTTP Request: GET https://huggingface.co/api/datasets/freds0/FOMO300K_brain_age/tree/main?recursive=true&expand=false "HTTP/1.1 200 OK"
[2026-05-25 13:13:50,249][httpx][INFO] - HTTP Request: GET https://huggingface.co/api/datasets/freds0/FOMO300K_brain_age/tree/main?expand=false&recursive=true&limit=1000&cursor=ZXlKbWFXeGxYMjVoYldVaU9pSlFWREF4TTE5RFlXeG5ZWEo1WDFCeVpYTmphRzl2YkM5emRXSXRNVEEySWl3aWRISmxaVjl2YVdRaU9pSmhZVEZtTXpsall6QTROR1E1TURJMk16aG1NV0V4TVdOa1pqbGtPVEUyTXpnek5qUTFNakkxSW4wPToxMDAw "HTTP/1.1 200 OK"
[2026-05-25 13:13:50,415][httpx][INFO] - HTTP Request: GET https://huggingface.co/api/datasets/freds0/FOMO300K_brain_age/tree/main?expand=false&recursive=true&limit=1000&cursor=ZXlKbWFXeGxYMjVoYldVaU9pSlFWREF4TkY5RGIxSlNMM04xWWkwd09Ua3hJaXdpZEhKbFpWOXZhV1FpT2lKaFlURm1NemxqWXpBNE5HUTVNREkyTXpobU1XRXhNV05rWmpsa09URTJNemd6TmpRMU1qSTFJbjA9OjIwMDA%3D "HTTP/1.1 200 OK"
[2026-05-25 13:13:50,598][httpx][INFO] - HTTP Request: GET https://huggingface.co/api/datasets/freds0/FOMO300K_brain_age/tree/main?expand=false&recursive=true&limit=1000&cursor=ZXlKbWFXeGxYMjVoYldVaU9pSlFWREF4Tmw5SFUxQXZjM1ZpTFRBMU1UTWlMQ0owY21WbFgyOXBaQ0k2SW1GaE1XWXpPV05qTURnMFpEa3dNall6T0dZeFlURXhZMlJtT1dRNU1UWXpPRE0yTkRVeU1qVWlmUT09OjMwMDA%3D "HTTP/1.1 200 OK"
[2026-05-25 13:13:50,760][httpx][INFO] - HTTP Request: GET https://huggingface.co/api/datasets/freds0/FOMO300K_brain_age/tree/main?expand=false&recursive=true&limit=1000&cursor=ZXlKbWFXeGxYMjVoYldVaU9pSlFWREF4Tmw5SFUxQXZjM1ZpTFRFMU5qQWlMQ0owY21WbFgyOXBaQ0k2SW1GaE1XWXpPV05qTURnMFpEa3dNall6T0dZeFlURXhZMlJtT1dRNU1UWXpPRE0yTkRVeU1qVWlmUT09OjQwMDA%3D "HTTP/1.1 200 OK"
[2026-05-25 13:13:50,931][httpx][INFO] - HTTP Request: GET https://huggingface.co/api/datasets/freds0/FOMO300K_brain_age/tree/main?expand=false&recursive=true&limit=1000&cursor=ZXlKbWFXeGxYMjVoYldVaU9pSlFWREF4T0Y5SVFrNHZjM1ZpTFRBNU1UZ2lMQ0owY21WbFgyOXBaQ0k2SW1GaE1XWXpPV05qTURnMFpEa3dNall6T0dZeFlURXhZMlJtT1dRNU1UWXpPRE0yTkRVeU1qVWlmUT09OjUwMDA%3D "HTTP/1.1 200 OK"
[2026-05-25 13:13:51,109][httpx][INFO] - HTTP Request: GET https://huggingface.co/api/datasets/freds0/FOMO300K_brain_age/tree/main?expand=false&recursive=true&limit=1000&cursor=ZXlKbWFXeGxYMjVoYldVaU9pSlFWREF4T0Y5SVFrNHZjM1ZpTFRFNU16a2lMQ0owY21WbFgyOXBaQ0k2SW1GaE1XWXpPV05qTURnMFpEa3dNall6T0dZeFlURXhZMlJtT1dRNU1UWXpPRE0yTkRVeU1qVWlmUT09OjYwMDA%3D "HTTP/1.1 200 OK"
[2026-05-25 13:13:51,271][httpx][INFO] - HTTP Request: GET https://huggingface.co/api/datasets/freds0/FOMO300K_brain_age/tree/main?expand=false&recursive=true&limit=1000&cursor=ZXlKbWFXeGxYMjVoYldVaU9pSlFWREF4T0Y5SVFrNHZjM1ZpTFRJNU5Ua2lMQ0owY21WbFgyOXBaQ0k2SW1GaE1XWXpPV05qTURnMFpEa3dNall6T0dZeFlURXhZMlJtT1dRNU1UWXpPRE0yTkRVeU1qVWlmUT09OjcwMDA%3D "HTTP/1.1 200 OK"
[2026-05-25 13:13:51,444][httpx][INFO] - HTTP Request: GET https://huggingface.co/api/datasets/freds0/FOMO300K_brain_age/tree/main?expand=false&recursive=true&limit=1000&cursor=ZXlKbWFXeGxYMjVoYldVaU9pSlFWREF5TUY5SVExQmZWM1ZmVFdsdWJpOXpkV0l0TURFek1pSXNJblJ5WldWZmIybGtJam9pWVdFeFpqTTVZMk13T0RSa09UQXlOak00WmpGaE1URmpaR1k1WkRreE5qTTRNelkwTlRJeU5TSjk6ODAwMA%3D%3D "HTTP/1.1 200 OK"
[2026-05-25 13:13:51,607][httpx][INFO] - HTTP Request: GET https://huggingface.co/api/datasets/freds0/FOMO300K_brain_age/tree/main?expand=false&recursive=true&limit=1000&cursor=ZXlKbWFXeGxYMjVoYldVaU9pSlFWREF5TVY5SldFa3ZjM1ZpTFRBeU1TSXNJblJ5WldWZmIybGtJam9pWVdFeFpqTTVZMk13T0RSa09UQXlOak00WmpGaE1URmpaR1k1WkRreE5qTTRNelkwTlRJeU5TSjk6OTAwMA%3D%3D "HTTP/1.1 200 OK"
[2026-05-25 13:13:51,774][httpx][INFO] - HTTP Request: GET https://huggingface.co/api/datasets/freds0/FOMO300K_brain_age/tree/main?expand=false&recursive=true&limit=1000&cursor=ZXlKbWFXeGxYMjVoYldVaU9pSlFWREF5TTE5SmJtWmhiblJmUkdWMlpXeHZjRzFsYm5SZlFuSmhhVzR2YzNWaUxUUTFNeUlzSW5SeVpXVmZiMmxrSWpvaVlXRXhaak01WTJNd09EUmtPVEF5TmpNNFpqRmhNVEZqWkdZNVpEa3hOak00TXpZME5USXlOU0o5OjEwMDAw "HTTP/1.1 200 OK"
[2026-05-25 13:13:51,939][httpx][INFO] - HTTP Request: GET https://huggingface.co/api/datasets/freds0/FOMO300K_brain_age/tree/main?expand=false&recursive=true&limit=1000&cursor=ZXlKbWFXeGxYMjVoYldVaU9pSlFWREF6TTE5WFFVNUVMM04xWWkwd01UQWlMQ0owY21WbFgyOXBaQ0k2SW1GaE1XWXpPV05qTURnMFpEa3dNall6T0dZeFlURXhZMlJtT1dRNU1UWXpPRE0yTkRVeU1qVWlmUT09OjExMDAw "HTTP/1.1 200 OK"
[2026-05-25 13:13:52,139][httpx][INFO] - HTTP Request: GET https://huggingface.co/api/datasets/freds0/FOMO300K_brain_age/tree/main?expand=false&recursive=true&limit=1000&cursor=ZXlKbWFXeGxYMjVoYldVaU9pSlFWREF6TlY5WllXeGxYMEp5WVdsdVgwMWxkSE5mVEc5dVoybDBkV1JwYm1Gc0wzTjFZaTB3TnpJeUlpd2lkSEpsWlY5dmFXUWlPaUpoWVRGbU16bGpZekE0TkdRNU1ESTJNemhtTVdFeE1XTmtaamxrT1RFMk16Z3pOalExTWpJMUluMD06MTIwMDA%3D "HTTP/1.1 200 OK"
[2026-05-25 13:13:52,358][httpx][INFO] - HTTP Request: GET https://huggingface.co/api/datasets/freds0/FOMO300K_brain_age/tree/main?expand=false&recursive=true&limit=1000&cursor=ZXlKbWFXeGxYMjVoYldVaU9pSlFWREF3TWw5T2FXZGxjbWxoYmw5RGJHbHVhV05oYkM5emRXSXRPREV2YzJWekxUQXhMbnBwY0NJc0luUnlaV1ZmYjJsa0lqb2lZV0V4WmpNNVkyTXdPRFJrT1RBeU5qTTRaakZoTVRGalpHWTVaRGt4TmpNNE16WTBOVEl5TlNKOToxMzAwMA%3D%3D "HTTP/1.1 200 OK"
[2026-05-25 13:13:52,607][httpx][INFO] - HTTP Request: GET https://huggingface.co/api/datasets/freds0/FOMO300K_brain_age/tree/main?expand=false&recursive=true&limit=1000&cursor=ZXlKbWFXeGxYMjVoYldVaU9pSlFWREF4TTE5RFlXeG5ZWEo1WDFCeVpYTmphRzl2YkM5emRXSXRNRFUwTDNObGN5MHdOUzU2YVhBaUxDSjBjbVZsWDI5cFpDSTZJbUZoTVdZek9XTmpNRGcwWkRrd01qWXpPR1l4WVRFeFkyUm1PV1E1TVRZek9ETTJORFV5TWpVaWZRPT06MTQwMDA%3D "HTTP/1.1 200 OK"
[2026-05-25 13:13:52,842][httpx][INFO] - HTTP Request: GET https://huggingface.co/api/datasets/freds0/FOMO300K_brain_age/tree/main?expand=false&recursive=true&limit=1000&cursor=ZXlKbWFXeGxYMjVoYldVaU9pSlFWREF4TkY5RGIxSlNMM04xWWkwd05ERXlMM05sY3kwd01pNTZhWEFpTENKMGNtVmxYMjlwWkNJNkltRmhNV1l6T1dOak1EZzBaRGt3TWpZek9HWXhZVEV4WTJSbU9XUTVNVFl6T0RNMk5EVXlNalVpZlE9PToxNTAwMA%3D%3D "HTTP/1.1 200 OK"
[2026-05-25 13:13:53,058][httpx][INFO] - HTTP Request: GET https://huggingface.co/api/datasets/freds0/FOMO300K_brain_age/tree/main?expand=false&recursive=true&limit=1000&cursor=ZXlKbWFXeGxYMjVoYldVaU9pSlFWREF4TkY5RGIxSlNMM04xWWkwd09URTVMM05sY3kwd015NTZhWEFpTENKMGNtVmxYMjlwWkNJNkltRmhNV1l6T1dOak1EZzBaRGt3TWpZek9HWXhZVEV4WTJSbU9XUTVNVFl6T0RNMk5EVXlNalVpZlE9PToxNjAwMA%3D%3D "HTTP/1.1 200 OK"
[2026-05-25 13:13:53,287][httpx][INFO] - HTTP Request: GET https://huggingface.co/api/datasets/freds0/FOMO300K_brain_age/tree/main?expand=false&recursive=true&limit=1000&cursor=ZXlKbWFXeGxYMjVoYldVaU9pSlFWREF4Tmw5SFUxQXZjM1ZpTFRBd01qZ3ZjMlZ6TFRBeExucHBjQ0lzSW5SeVpXVmZiMmxrSWpvaVlXRXhaak01WTJNd09EUmtPVEF5TmpNNFpqRmhNVEZqWkdZNVpEa3hOak00TXpZME5USXlOU0o5OjE3MDAw "HTTP/1.1 200 OK"
[2026-05-25 13:13:53,535][httpx][INFO] - HTTP Request: GET https://huggingface.co/api/datasets/freds0/FOMO300K_brain_age/tree/main?expand=false&recursive=true&limit=1000&cursor=ZXlKbWFXeGxYMjVoYldVaU9pSlFWREF4Tmw5SFUxQXZjM1ZpTFRFd056TXZjMlZ6TFRBeExucHBjQ0lzSW5SeVpXVmZiMmxrSWpvaVlXRXhaak01WTJNd09EUmtPVEF5TmpNNFpqRmhNVEZqWkdZNVpEa3hOak00TXpZME5USXlOU0o5OjE4MDAw "HTTP/1.1 200 OK"
[2026-05-25 13:13:54,017][httpx][INFO] - HTTP Request: GET https://huggingface.co/api/datasets/freds0/FOMO300K_brain_age/tree/main?expand=false&recursive=true&limit=1000&cursor=ZXlKbWFXeGxYMjVoYldVaU9pSlFWREF4T0Y5SVFrNHZjM1ZpTFRBeU9URXZjMlZ6TFRBeExucHBjQ0lzSW5SeVpXVmZiMmxrSWpvaVlXRXhaak01WTJNd09EUmtPVEF5TmpNNFpqRmhNVEZqWkdZNVpEa3hOak00TXpZME5USXlOU0o5OjE5MDAw "HTTP/1.1 200 OK"
[2026-05-25 13:13:54,246][httpx][INFO] - HTTP Request: GET https://huggingface.co/api/datasets/freds0/FOMO300K_brain_age/tree/main?expand=false&recursive=true&limit=1000&cursor=ZXlKbWFXeGxYMjVoYldVaU9pSlFWREF4T0Y5SVFrNHZjM1ZpTFRFek1Ea3ZjMlZ6TFRBeExucHBjQ0lzSW5SeVpXVmZiMmxrSWpvaVlXRXhaak01WTJNd09EUmtPVEF5TmpNNFpqRmhNVEZqWkdZNVpEa3hOak00TXpZME5USXlOU0o5OjIwMDAw "HTTP/1.1 200 OK"
[2026-05-25 13:13:54,483][httpx][INFO] - HTTP Request: GET https://huggingface.co/api/datasets/freds0/FOMO300K_brain_age/tree/main?expand=false&recursive=true&limit=1000&cursor=ZXlKbWFXeGxYMjVoYldVaU9pSlFWREF4T0Y5SVFrNHZjM1ZpTFRJek1qUXZjMlZ6TFRBeExucHBjQ0lzSW5SeVpXVmZiMmxrSWpvaVlXRXhaak01WTJNd09EUmtPVEF5TmpNNFpqRmhNVEZqWkdZNVpEa3hOak00TXpZME5USXlOU0o5OjIxMDAw "HTTP/1.1 200 OK"
[2026-05-25 13:13:54,716][httpx][INFO] - HTTP Request: GET https://huggingface.co/api/datasets/freds0/FOMO300K_brain_age/tree/main?expand=false&recursive=true&limit=1000&cursor=ZXlKbWFXeGxYMjVoYldVaU9pSlFWREF4T0Y5SVFrNHZjM1ZpTFRNek5EY3ZjMlZ6TFRBeExucHBjQ0lzSW5SeVpXVmZiMmxrSWpvaVlXRXhaak01WTJNd09EUmtPVEF5TmpNNFpqRmhNVEZqWkdZNVpEa3hOak00TXpZME5USXlOU0o5OjIyMDAw "HTTP/1.1 200 OK"
[2026-05-25 13:13:54,940][httpx][INFO] - HTTP Request: GET https://huggingface.co/api/datasets/freds0/FOMO300K_brain_age/tree/main?expand=false&recursive=true&limit=1000&cursor=ZXlKbWFXeGxYMjVoYldVaU9pSlFWREF5TUY5SVExQmZWM1ZmVFdsdWJpOXpkV0l0TURVeE15OXpaWE10TURFdWVtbHdJaXdpZEhKbFpWOXZhV1FpT2lKaFlURm1NemxqWXpBNE5HUTVNREkyTXpobU1XRXhNV05rWmpsa09URTJNemd6TmpRMU1qSTFJbjA9OjIzMDAw "HTTP/1.1 200 OK"
[2026-05-25 13:13:55,187][httpx][INFO] - HTTP Request: GET https://huggingface.co/api/datasets/freds0/FOMO300K_brain_age/tree/main?expand=false&recursive=true&limit=1000&cursor=ZXlKbWFXeGxYMjVoYldVaU9pSlFWREF5TVY5SldFa3ZjM1ZpTFRReE1pOXpaWE10TURFdWVtbHdJaXdpZEhKbFpWOXZhV1FpT2lKaFlURm1NemxqWXpBNE5HUTVNREkyTXpobU1XRXhNV05rWmpsa09URTJNemd6TmpRMU1qSTFJbjA9OjI0MDAw "HTTP/1.1 200 OK"
[2026-05-25 13:13:55,518][httpx][INFO] - HTTP Request: GET https://huggingface.co/api/datasets/freds0/FOMO300K_brain_age/tree/main?expand=false&recursive=true&limit=1000&cursor=ZXlKbWFXeGxYMjVoYldVaU9pSlFWREF5T0Y5UFFWTkpVekV2YzNWaUxUQXdNeTl6WlhNdE1ERXVlbWx3SWl3aWRISmxaVjl2YVdRaU9pSmhZVEZtTXpsall6QTROR1E1TURJMk16aG1NV0V4TVdOa1pqbGtPVEUyTXpnek5qUTFNakkxSW4wPToyNTAwMA%3D%3D "HTTP/1.1 200 OK"
[2026-05-25 13:13:55,752][httpx][INFO] - HTTP Request: GET https://huggingface.co/api/datasets/freds0/FOMO300K_brain_age/tree/main?expand=false&recursive=true&limit=1000&cursor=ZXlKbWFXeGxYMjVoYldVaU9pSlFWREF6TTE5WFFVNUVMM04xWWkwd016SXZjMlZ6TFRBekxucHBjQ0lzSW5SeVpXVmZiMmxrSWpvaVlXRXhaak01WTJNd09EUmtPVEF5TmpNNFpqRmhNVEZqWkdZNVpEa3hOak00TXpZME5USXlOU0o5OjI2MDAw "HTTP/1.1 200 OK"
[2026-05-25 13:13:56,091][httpx][INFO] - HTTP Request: GET https://huggingface.co/api/datasets/freds0/FOMO300K_brain_age/tree/main?expand=false&recursive=true&limit=1000&cursor=ZXlKbWFXeGxYMjVoYldVaU9pSlFWREF6TlY5WllXeGxYMEp5WVdsdVgwMWxkSE5mVEc5dVoybDBkV1JwYm1Gc0wzTjFZaTB3TURFM0wzTmxjeTB3Tnk1NmFYQWlMQ0owY21WbFgyOXBaQ0k2SW1GaE1XWXpPV05qTURnMFpEa3dNall6T0dZeFlURXhZMlJtT1dRNU1UWXpPRE0yTkRVeU1qVWlmUT09OjI3MDAw "HTTP/1.1 200 OK"
[2026-05-25 13:13:56,346][httpx][INFO] - HTTP Request: GET https://huggingface.co/api/datasets/freds0/FOMO300K_brain_age/tree/main?expand=false&recursive=true&limit=1000&cursor=ZXlKbWFXeGxYMjVoYldVaU9pSlFWREF6TlY5WllXeGxYMEp5WVdsdVgwMWxkSE5mVEc5dVoybDBkV1JwYm1Gc0wzTjFZaTB3TVRNMEwzTmxjeTB4Tmk1NmFYQWlMQ0owY21WbFgyOXBaQ0k2SW1GaE1XWXpPV05qTURnMFpEa3dNall6T0dZeFlURXhZMlJtT1dRNU1UWXpPRE0yTkRVeU1qVWlmUT09OjI4MDAw "HTTP/1.1 200 OK"
[2026-05-25 13:13:56,588][httpx][INFO] - HTTP Request: GET https://huggingface.co/api/datasets/freds0/FOMO300K_brain_age/tree/main?expand=false&recursive=true&limit=1000&cursor=ZXlKbWFXeGxYMjVoYldVaU9pSlFWREF6TlY5WllXeGxYMEp5WVdsdVgwMWxkSE5mVEc5dVoybDBkV1JwYm1Gc0wzTjFZaTB3TWpjM0wzTmxjeTB3Tmk1NmFYQWlMQ0owY21WbFgyOXBaQ0k2SW1GaE1XWXpPV05qTURnMFpEa3dNall6T0dZeFlURXhZMlJtT1dRNU1UWXpPRE0yTkRVeU1qVWlmUT09OjI5MDAw "HTTP/1.1 200 OK"
[2026-05-25 13:13:56,829][httpx][INFO] - HTTP Request: GET https://huggingface.co/api/datasets/freds0/FOMO300K_brain_age/tree/main?expand=false&recursive=true&limit=1000&cursor=ZXlKbWFXeGxYMjVoYldVaU9pSlFWREF6TlY5WllXeGxYMEp5WVdsdVgwMWxkSE5mVEc5dVoybDBkV1JwYm1Gc0wzTjFZaTB3TkRBNUwzTmxjeTB3TXk1NmFYQWlMQ0owY21WbFgyOXBaQ0k2SW1GaE1XWXpPV05qTURnMFpEa3dNall6T0dZeFlURXhZMlJtT1dRNU1UWXpPRE0yTkRVeU1qVWlmUT09OjMwMDAw "HTTP/1.1 200 OK"
[2026-05-25 13:13:57,187][httpx][INFO] - HTTP Request: GET https://huggingface.co/api/datasets/freds0/FOMO300K_brain_age/tree/main?expand=false&recursive=true&limit=1000&cursor=ZXlKbWFXeGxYMjVoYldVaU9pSlFWREF6TlY5WllXeGxYMEp5WVdsdVgwMWxkSE5mVEc5dVoybDBkV1JwYm1Gc0wzTjFZaTB3TlRNNUwzTmxjeTB3Tmk1NmFYQWlMQ0owY21WbFgyOXBaQ0k2SW1GaE1XWXpPV05qTURnMFpEa3dNall6T0dZeFlURXhZMlJtT1dRNU1UWXpPRE0yTkRVeU1qVWlmUT09OjMxMDAw "HTTP/1.1 200 OK"
[2026-05-25 13:13:57,414][httpx][INFO] - HTTP Request: GET https://huggingface.co/api/datasets/freds0/FOMO300K_brain_age/tree/main?expand=false&recursive=true&limit=1000&cursor=ZXlKbWFXeGxYMjVoYldVaU9pSlFWREF6TlY5WllXeGxYMEp5WVdsdVgwMWxkSE5mVEc5dVoybDBkV1JwYm1Gc0wzTjFZaTB3TmpjMEwzTmxjeTB3Tnk1NmFYQWlMQ0owY21WbFgyOXBaQ0k2SW1GaE1XWXpPV05qTURnMFpEa3dNall6T0dZeFlURXhZMlJtT1dRNU1UWXpPRE0yTkRVeU1qVWlmUT09OjMyMDAw "HTTP/1.1 200 OK"
[2026-05-25 13:13:57,776][httpx][INFO] - HTTP Request: GET https://huggingface.co/api/datasets/freds0/FOMO300K_brain_age/tree/main?expand=false&recursive=true&limit=1000&cursor=ZXlKbWFXeGxYMjVoYldVaU9pSlFWREF6TlY5WllXeGxYMEp5WVdsdVgwMWxkSE5mVEc5dVoybDBkV1JwYm1Gc0wzTjFZaTB3TnpjMEwzTmxjeTB5T0M1NmFYQWlMQ0owY21WbFgyOXBaQ0k2SW1GaE1XWXpPV05qTURnMFpEa3dNall6T0dZeFlURXhZMlJtT1dRNU1UWXpPRE0yTkRVeU1qVWlmUT09OjMzMDAw "HTTP/1.1 200 OK"
[2026-05-25 13:13:58,018][httpx][INFO] - HTTP Request: GET https://huggingface.co/api/datasets/freds0/FOMO300K_brain_age/tree/main?expand=false&recursive=true&limit=1000&cursor=ZXlKbWFXeGxYMjVoYldVaU9pSlFWREF6TlY5WllXeGxYMEp5WVdsdVgwMWxkSE5mVEc5dVoybDBkV1JwYm1Gc0wzTjFZaTB3T1RBd0wzTmxjeTB3TXk1NmFYQWlMQ0owY21WbFgyOXBaQ0k2SW1GaE1XWXpPV05qTURnMFpEa3dNall6T0dZeFlURXhZMlJtT1dRNU1UWXpPRE0yTkRVeU1qVWlmUT09OjM0MDAw "HTTP/1.1 200 OK"
[2026-05-25 13:13:58,266][httpx][INFO] - HTTP Request: GET https://huggingface.co/api/datasets/freds0/FOMO300K_brain_age/tree/main?expand=false&recursive=true&limit=1000&cursor=ZXlKbWFXeGxYMjVoYldVaU9pSlFWREF6TlY5WllXeGxYMEp5WVdsdVgwMWxkSE5mVEc5dVoybDBkV1JwYm1Gc0wzTjFZaTB4TURBMUwzTmxjeTB3TXk1NmFYQWlMQ0owY21WbFgyOXBaQ0k2SW1GaE1XWXpPV05qTURnMFpEa3dNall6T0dZeFlURXhZMlJtT1dRNU1UWXpPRE0yTkRVeU1qVWlmUT09OjM1MDAw "HTTP/1.1 200 OK"
[2026-05-25 13:13:58,562][httpx][INFO] - HTTP Request: GET https://huggingface.co/api/datasets/freds0/FOMO300K_brain_age/tree/main?expand=false&recursive=true&limit=1000&cursor=ZXlKbWFXeGxYMjVoYldVaU9pSlFWREF6TlY5WllXeGxYMEp5WVdsdVgwMWxkSE5mVEc5dVoybDBkV1JwYm1Gc0wzTjFZaTB4TVRBeUwzTmxjeTB3Tnk1NmFYQWlMQ0owY21WbFgyOXBaQ0k2SW1GaE1XWXpPV05qTURnMFpEa3dNall6T0dZeFlURXhZMlJtT1dRNU1UWXpPRE0yTkRVeU1qVWlmUT09OjM2MDAw "HTTP/1.1 200 OK"
[2026-05-25 13:13:58,781][httpx][INFO] - HTTP Request: GET https://huggingface.co/api/datasets/freds0/FOMO300K_brain_age/tree/main?expand=false&recursive=true&limit=1000&cursor=ZXlKbWFXeGxYMjVoYldVaU9pSlFWREF6TlY5WllXeGxYMEp5WVdsdVgwMWxkSE5mVEc5dVoybDBkV1JwYm1Gc0wzTjFZaTB4TWpJNEwzTmxjeTB3TVM1NmFYQWlMQ0owY21WbFgyOXBaQ0k2SW1GaE1XWXpPV05qTURnMFpEa3dNall6T0dZeFlURXhZMlJtT1dRNU1UWXpPRE0yTkRVeU1qVWlmUT09OjM3MDAw "HTTP/1.1 200 OK"
[2026-05-25 13:13:59,007][httpx][INFO] - HTTP Request: GET https://huggingface.co/api/datasets/freds0/FOMO300K_brain_age/tree/main?expand=false&recursive=true&limit=1000&cursor=ZXlKbWFXeGxYMjVoYldVaU9pSlFWREF6TlY5WllXeGxYMEp5WVdsdVgwMWxkSE5mVEc5dVoybDBkV1JwYm1Gc0wzTjFZaTB4TXpVeUwzTmxjeTB3TWk1NmFYQWlMQ0owY21WbFgyOXBaQ0k2SW1GaE1XWXpPV05qTURnMFpEa3dNall6T0dZeFlURXhZMlJtT1dRNU1UWXpPRE0yTkRVeU1qVWlmUT09OjM4MDAw "HTTP/1.1 200 OK"
[2026-05-25 13:13:59,412][httpx][INFO] - HTTP Request: HEAD https://huggingface.co/datasets/freds0/FOMO300K_brain_age/resolve/main/PT028_OASIS1/sub-415/ses-01.zip "HTTP/1.1 302 Found"
[2026-05-25 13:13:59,419][httpx][INFO] - HTTP Request: HEAD https://huggingface.co/datasets/freds0/FOMO300K_brain_age/resolve/main/PT018_HBN/sub-0564/ses-01.zip "HTTP/1.1 302 Found"
[2026-05-25 13:13:59,424][httpx][INFO] - HTTP Request: HEAD https://huggingface.co/datasets/freds0/FOMO300K_brain_age/resolve/main/PT018_HBN/sub-3682/ses-01.zip "HTTP/1.1 302 Found"
[2026-05-25 13:13:59,429][httpx][INFO] - HTTP Request: HEAD https://huggingface.co/datasets/freds0/FOMO300K_brain_age/resolve/main/PT018_HBN/sub-0376/ses-01.zip "HTTP/1.1 302 Found"
[2026-05-25 13:13:59,568][httpx][INFO] - HTTP Request: GET https://huggingface.co/api/datasets/freds0/FOMO300K_brain_age/xet-read-token/d8d9fc5592ca171f83fef49f4b90535242e8cdcf "HTTP/1.1 200 OK"
[2026-05-25 13:13:59,571][httpx][INFO] - HTTP Request: GET https://huggingface.co/api/datasets/freds0/FOMO300K_brain_age/xet-read-token/d8d9fc5592ca171f83fef49f4b90535242e8cdcf "HTTP/1.1 200 OK"
[2026-05-25 13:13:59,578][httpx][INFO] - HTTP Request: GET https://huggingface.co/api/datasets/freds0/FOMO300K_brain_age/xet-read-token/d8d9fc5592ca171f83fef49f4b90535242e8cdcf "HTTP/1.1 200 OK"
[2026-05-25 13:13:59,582][httpx][INFO] - HTTP Request: GET https://huggingface.co/api/datasets/freds0/FOMO300K_brain_age/xet-read-token/d8d9fc5592ca171f83fef49f4b90535242e8cdcf "HTTP/1.1 200 OK"
[2026-05-25 13:14:03,685][httpx][INFO] - HTTP Request: HEAD https://huggingface.co/datasets/freds0/FOMO300K_brain_age/resolve/main/PT028_OASIS1/sub-122/ses-01.zip "HTTP/1.1 302 Found"
[2026-05-25 13:14:04,301][httpx][INFO] - HTTP Request: HEAD https://huggingface.co/datasets/freds0/FOMO300K_brain_age/resolve/main/PT016_GSP/sub-1360/ses-01.zip "HTTP/1.1 302 Found"
[2026-05-25 13:14:06,262][httpx][INFO] - HTTP Request: HEAD https://huggingface.co/datasets/freds0/FOMO300K_brain_age/resolve/main/PT035_Yale_Brain_Mets_Longitudinal/sub-1253/ses-06.zip "HTTP/1.1 302 Found"
[2026-05-25 13:14:06,550][httpx][INFO] - HTTP Request: HEAD https://huggingface.co/datasets/freds0/FOMO300K_brain_age/resolve/main/PT021_IXI/sub-183/ses-01.zip "HTTP/1.1 302 Found"
[2026-05-25 13:14:06,580][httpx][INFO] - HTTP Request: HEAD https://huggingface.co/datasets/freds0/FOMO300K_brain_age/resolve/main/PT035_Yale_Brain_Mets_Longitudinal/sub-1305/ses-03.zip "HTTP/1.1 302 Found"
[2026-05-25 13:14:08,434][httpx][INFO] - HTTP Request: HEAD https://huggingface.co/datasets/freds0/FOMO300K_brain_age/resolve/main/PT029_OASIS2/sub-041/ses-02.zip "HTTP/1.1 302 Found"
[2026-05-25 13:14:09,467][httpx][INFO] - HTTP Request: HEAD https://huggingface.co/datasets/freds0/FOMO300K_brain_age/resolve/main/PT018_HBN/sub-0739/ses-01.zip "HTTP/1.1 302 Found"
[2026-05-25 13:14:10,120][httpx][INFO] - HTTP Request: HEAD https://huggingface.co/datasets/freds0/FOMO300K_brain_age/resolve/main/PT018_HBN/sub-3384/ses-01.zip "HTTP/1.1 302 Found"
[2026-05-25 13:14:12,905][httpx][INFO] - HTTP Request: HEAD https://huggingface.co/datasets/freds0/FOMO300K_brain_age/resolve/main/PT029_OASIS2/sub-018/ses-01.zip "HTTP/1.1 302 Found"
[2026-05-25 13:14:14,065][httpx][INFO] - HTTP Request: HEAD https://huggingface.co/datasets/freds0/FOMO300K_brain_age/resolve/main/PT035_Yale_Brain_Mets_Longitudinal/sub-0319/ses-01.zip "HTTP/1.1 302 Found"
[2026-05-25 13:14:16,298][httpx][INFO] - HTTP Request: HEAD https://huggingface.co/datasets/freds0/FOMO300K_brain_age/resolve/main/PT033_WAND/sub-098/ses-02.zip "HTTP/1.1 302 Found"
[2026-05-25 13:14:16,918][httpx][INFO] - HTTP Request: HEAD https://huggingface.co/datasets/freds0/FOMO300K_brain_age/resolve/main/PT035_Yale_Brain_Mets_Longitudinal/sub-0143/ses-04.zip "HTTP/1.1 302 Found"
[2026-05-25 13:14:18,536][httpx][INFO] - HTTP Request: HEAD https://huggingface.co/datasets/freds0/FOMO300K_brain_age/resolve/main/PT018_HBN/sub-2562/ses-01.zip "HTTP/1.1 302 Found"
[2026-05-25 13:14:19,068][httpx][INFO] - HTTP Request: HEAD https://huggingface.co/datasets/freds0/FOMO300K_brain_age/resolve/main/PT035_Yale_Brain_Mets_Longitudinal/sub-0692/ses-10.zip "HTTP/1.1 302 Found"
[2026-05-25 13:14:19,821][httpx][INFO] - HTTP Request: HEAD https://huggingface.co/datasets/freds0/FOMO300K_brain_age/resolve/main/PT035_Yale_Brain_Mets_Longitudinal/sub-0199/ses-05.zip "HTTP/1.1 302 Found"
[2026-05-25 13:14:20,176][httpx][INFO] - HTTP Request: HEAD https://huggingface.co/datasets/freds0/FOMO300K_brain_age/resolve/main/PT018_HBN/sub-1479/ses-01.zip "HTTP/1.1 302 Found"
[2026-05-25 13:14:20,932][httpx][INFO] - HTTP Request: HEAD https://huggingface.co/datasets/freds0/FOMO300K_brain_age/resolve/main/PT035_Yale_Brain_Mets_Longitudinal/sub-0373/ses-14.zip "HTTP/1.1 302 Found"
[2026-05-25 13:14:21,084][httpx][INFO] - HTTP Request: HEAD https://huggingface.co/datasets/freds0/FOMO300K_brain_age/resolve/main/PT028_OASIS1/sub-415/ses-01.zip "HTTP/1.1 302 Found"
[2026-05-25 13:14:21,087][httpx][INFO] - HTTP Request: HEAD https://huggingface.co/datasets/freds0/FOMO300K_brain_age/resolve/main/PT018_HBN/sub-0376/ses-01.zip "HTTP/1.1 302 Found"
[2026-05-25 13:14:21,088][httpx][INFO] - HTTP Request: HEAD https://huggingface.co/datasets/freds0/FOMO300K_brain_age/resolve/main/PT018_HBN/sub-3682/ses-01.zip "HTTP/1.1 302 Found"
[2026-05-25 13:14:21,090][httpx][INFO] - HTTP Request: HEAD https://huggingface.co/datasets/freds0/FOMO300K_brain_age/resolve/main/PT018_HBN/sub-0564/ses-01.zip "HTTP/1.1 302 Found"
[2026-05-25 13:14:21,699][httpx][INFO] - HTTP Request: HEAD https://huggingface.co/datasets/freds0/FOMO300K_brain_age/resolve/main/PT028_OASIS1/sub-122/ses-01.zip "HTTP/1.1 302 Found"
[2026-05-25 13:14:21,721][httpx][INFO] - HTTP Request: HEAD https://huggingface.co/datasets/freds0/FOMO300K_brain_age/resolve/main/PT035_Yale_Brain_Mets_Longitudinal/sub-1253/ses-06.zip "HTTP/1.1 302 Found"
[2026-05-25 13:14:21,786][httpx][INFO] - HTTP Request: HEAD https://huggingface.co/datasets/freds0/FOMO300K_brain_age/resolve/main/PT016_GSP/sub-1360/ses-01.zip "HTTP/1.1 302 Found"
[2026-05-25 13:14:21,820][httpx][INFO] - HTTP Request: HEAD https://huggingface.co/datasets/freds0/FOMO300K_brain_age/resolve/main/PT018_HBN/sub-2562/ses-01.zip "HTTP/1.1 302 Found"
[2026-05-25 13:14:21,927][httpx][INFO] - HTTP Request: HEAD https://huggingface.co/datasets/freds0/FOMO300K_brain_age/resolve/main/PT018_HBN/sub-1356/ses-01.zip "HTTP/1.1 302 Found"
[2026-05-25 13:14:22,039][httpx][INFO] - HTTP Request: HEAD https://huggingface.co/datasets/freds0/FOMO300K_brain_age/resolve/main/PT029_OASIS2/sub-041/ses-02.zip "HTTP/1.1 302 Found"
[2026-05-25 13:14:22,110][httpx][INFO] - HTTP Request: HEAD https://huggingface.co/datasets/freds0/FOMO300K_brain_age/resolve/main/PT021_IXI/sub-183/ses-01.zip "HTTP/1.1 302 Found"
[2026-05-25 13:14:22,112][httpx][INFO] - HTTP Request: HEAD https://huggingface.co/datasets/freds0/FOMO300K_brain_age/resolve/main/PT035_Yale_Brain_Mets_Longitudinal/sub-1305/ses-03.zip "HTTP/1.1 302 Found"
[2026-05-25 13:14:22,498][httpx][INFO] - HTTP Request: HEAD https://huggingface.co/datasets/freds0/FOMO300K_brain_age/resolve/main/PT018_HBN/sub-3384/ses-01.zip "HTTP/1.1 302 Found"
[2026-05-25 13:14:22,526][httpx][INFO] - HTTP Request: HEAD https://huggingface.co/datasets/freds0/FOMO300K_brain_age/resolve/main/PT018_HBN/sub-0739/ses-01.zip "HTTP/1.1 302 Found"
[2026-05-25 13:14:22,568][httpx][INFO] - HTTP Request: HEAD https://huggingface.co/datasets/freds0/FOMO300K_brain_age/resolve/main/PT029_OASIS2/sub-018/ses-01.zip "HTTP/1.1 302 Found"
[2026-05-25 13:14:22,990][httpx][INFO] - HTTP Request: HEAD https://huggingface.co/datasets/freds0/FOMO300K_brain_age/resolve/main/PT035_Yale_Brain_Mets_Longitudinal/sub-0143/ses-04.zip "HTTP/1.1 302 Found"
[2026-05-25 13:14:23,085][httpx][INFO] - HTTP Request: HEAD https://huggingface.co/datasets/freds0/FOMO300K_brain_age/resolve/main/PT004_ACPI/sub-021/ses-01.zip "HTTP/1.1 302 Found"
[2026-05-25 13:14:23,118][httpx][INFO] - HTTP Request: HEAD https://huggingface.co/datasets/freds0/FOMO300K_brain_age/resolve/main/PT004_ACPI/sub-021/ses-01.zip "HTTP/1.1 302 Found"
[2026-05-25 13:14:23,142][httpx][INFO] - HTTP Request: HEAD https://huggingface.co/datasets/freds0/FOMO300K_brain_age/resolve/main/PT035_Yale_Brain_Mets_Longitudinal/sub-1043/ses-05.zip "HTTP/1.1 302 Found"
[2026-05-25 13:14:23,175][httpx][INFO] - HTTP Request: HEAD https://huggingface.co/datasets/freds0/FOMO300K_brain_age/resolve/main/PT018_HBN/sub-1479/ses-01.zip "HTTP/1.1 302 Found"
[2026-05-25 13:14:23,279][httpx][INFO] - HTTP Request: HEAD https://huggingface.co/datasets/freds0/FOMO300K_brain_age/resolve/main/PT035_Yale_Brain_Mets_Longitudinal/sub-0692/ses-10.zip "HTTP/1.1 302 Found"
[2026-05-25 13:14:23,571][httpx][INFO] - HTTP Request: HEAD https://huggingface.co/datasets/freds0/FOMO300K_brain_age/resolve/main/PT035_Yale_Brain_Mets_Longitudinal/sub-0373/ses-14.zip "HTTP/1.1 302 Found"
[2026-05-25 13:14:23,789][httpx][INFO] - HTTP Request: HEAD https://huggingface.co/datasets/freds0/FOMO300K_brain_age/resolve/main/PT018_HBN/sub-0460/ses-01.zip "HTTP/1.1 302 Found"
[2026-05-25 13:14:23,789][httpx][INFO] - HTTP Request: HEAD https://huggingface.co/datasets/freds0/FOMO300K_brain_age/resolve/main/PT018_HBN/sub-0460/ses-01.zip "HTTP/1.1 302 Found"
[2026-05-25 13:14:23,858][httpx][INFO] - HTTP Request: HEAD https://huggingface.co/datasets/freds0/FOMO300K_brain_age/resolve/main/PT035_Yale_Brain_Mets_Longitudinal/sub-1043/ses-05.zip "HTTP/1.1 302 Found"
[2026-05-25 13:14:25,600][httpx][INFO] - HTTP Request: HEAD https://huggingface.co/datasets/freds0/FOMO300K_brain_age/resolve/main/PT018_HBN/sub-2582/ses-01.zip "HTTP/1.1 302 Found"
[2026-05-25 13:14:25,604][httpx][INFO] - HTTP Request: HEAD https://huggingface.co/datasets/freds0/FOMO300K_brain_age/resolve/main/PT018_HBN/sub-2582/ses-01.zip "HTTP/1.1 302 Found"
[2026-05-25 13:14:26,474][httpx][INFO] - HTTP Request: HEAD https://huggingface.co/datasets/freds0/FOMO300K_brain_age/resolve/main/PT014_CoRR/sub-0270/ses-01.zip "HTTP/1.1 302 Found"
[2026-05-25 13:14:28,718][httpx][INFO] - HTTP Request: HEAD https://huggingface.co/datasets/freds0/FOMO300K_brain_age/resolve/main/PT033_WAND/sub-030/ses-03.zip "HTTP/1.1 302 Found"
[2026-05-25 13:14:32,154][httpx][INFO] - HTTP Request: HEAD https://huggingface.co/datasets/freds0/FOMO300K_brain_age/resolve/main/PT018_HBN/sub-0878/ses-01.zip "HTTP/1.1 302 Found"
[2026-05-25 13:14:33,260][httpx][INFO] - HTTP Request: HEAD https://huggingface.co/datasets/freds0/FOMO300K_brain_age/resolve/main/PT035_Yale_Brain_Mets_Longitudinal/sub-0147/ses-08.zip "HTTP/1.1 302 Found"
[2026-05-25 13:14:33,663][httpx][INFO] - HTTP Request: HEAD https://huggingface.co/datasets/freds0/FOMO300K_brain_age/resolve/main/PT036_Yale_HighRes/sub-026/ses-01.zip "HTTP/1.1 302 Found"
[2026-05-25 13:14:34,866][httpx][INFO] - HTTP Request: HEAD https://huggingface.co/datasets/freds0/FOMO300K_brain_age/resolve/main/PT014_CoRR/sub-1401/ses-02.zip "HTTP/1.1 302 Found"
[2026-05-25 13:14:36,005][httpx][INFO] - HTTP Request: HEAD https://huggingface.co/datasets/freds0/FOMO300K_brain_age/resolve/main/PT018_HBN/sub-0712/ses-01.zip "HTTP/1.1 302 Found"
[2026-05-25 13:14:36,630][httpx][INFO] - HTTP Request: HEAD https://huggingface.co/datasets/freds0/FOMO300K_brain_age/resolve/main/PT028_OASIS1/sub-018/ses-01.zip "HTTP/1.1 302 Found"
[2026-05-25 13:14:37,390][httpx][INFO] - HTTP Request: HEAD https://huggingface.co/datasets/freds0/FOMO300K_brain_age/resolve/main/PT029_OASIS2/sub-072/ses-01.zip "HTTP/1.1 302 Found"
[2026-05-25 13:14:37,660][httpx][INFO] - HTTP Request: HEAD https://huggingface.co/datasets/freds0/FOMO300K_brain_age/resolve/main/PT035_Yale_Brain_Mets_Longitudinal/sub-0338/ses-19.zip "HTTP/1.1 302 Found"
[2026-05-25 13:14:37,664][httpx][INFO] - HTTP Request: HEAD https://huggingface.co/datasets/freds0/FOMO300K_brain_age/resolve/main/PT018_HBN/sub-3488/ses-01.zip "HTTP/1.1 302 Found"
[2026-05-25 13:14:37,667][httpx][INFO] - HTTP Request: HEAD https://huggingface.co/datasets/freds0/FOMO300K_brain_age/resolve/main/PT035_Yale_Brain_Mets_Longitudinal/sub-1035/ses-04.zip "HTTP/1.1 302 Found"
[2026-05-25 13:14:37,825][httpx][INFO] - HTTP Request: GET https://huggingface.co/api/datasets/freds0/FOMO300K_brain_age/xet-read-token/d8d9fc5592ca171f83fef49f4b90535242e8cdcf "HTTP/1.1 200 OK"
[2026-05-25 13:14:37,825][httpx][INFO] - HTTP Request: GET https://huggingface.co/api/datasets/freds0/FOMO300K_brain_age/xet-read-token/d8d9fc5592ca171f83fef49f4b90535242e8cdcf "HTTP/1.1 200 OK"
[2026-05-25 13:14:37,826][httpx][INFO] - HTTP Request: GET https://huggingface.co/api/datasets/freds0/FOMO300K_brain_age/xet-read-token/d8d9fc5592ca171f83fef49f4b90535242e8cdcf "HTTP/1.1 200 OK"
[2026-05-25 13:14:40,513][httpx][INFO] - HTTP Request: HEAD https://huggingface.co/datasets/freds0/FOMO300K_brain_age/resolve/main/PT035_Yale_Brain_Mets_Longitudinal/sub-0033/ses-01.zip "HTTP/1.1 302 Found"
[2026-05-25 13:14:40,910][httpx][INFO] - HTTP Request: HEAD https://huggingface.co/datasets/freds0/FOMO300K_brain_age/resolve/main/PT018_HBN/sub-3169/ses-01.zip "HTTP/1.1 302 Found"
[2026-05-25 13:14:41,809][httpx][INFO] - HTTP Request: HEAD https://huggingface.co/datasets/freds0/FOMO300K_brain_age/resolve/main/PT014_CoRR/sub-1486/ses-01.zip "HTTP/1.1 302 Found"
[2026-05-25 13:14:42,574][httpx][INFO] - HTTP Request: HEAD https://huggingface.co/datasets/freds0/FOMO300K_brain_age/resolve/main/PT029_OASIS2/sub-031/ses-03.zip "HTTP/1.1 302 Found"
[2026-05-25 13:14:44,275][httpx][INFO] - HTTP Request: HEAD https://huggingface.co/datasets/freds0/FOMO300K_brain_age/resolve/main/PT035_Yale_Brain_Mets_Longitudinal/sub-0811/ses-09.zip "HTTP/1.1 302 Found"
[2026-05-25 13:14:44,705][httpx][INFO] - HTTP Request: HEAD https://huggingface.co/datasets/freds0/FOMO300K_brain_age/resolve/main/PT035_Yale_Brain_Mets_Longitudinal/sub-0695/ses-01.zip "HTTP/1.1 302 Found"
[2026-05-25 13:14:45,147][httpx][INFO] - HTTP Request: HEAD https://huggingface.co/datasets/freds0/FOMO300K_brain_age/resolve/main/PT035_Yale_Brain_Mets_Longitudinal/sub-0522/ses-10.zip "HTTP/1.1 302 Found"
[2026-05-25 13:14:46,456][httpx][INFO] - HTTP Request: HEAD https://huggingface.co/datasets/freds0/FOMO300K_brain_age/resolve/main/PT035_Yale_Brain_Mets_Longitudinal/sub-1261/ses-13.zip "HTTP/1.1 302 Found"
[2026-05-25 13:14:46,999][httpx][INFO] - HTTP Request: HEAD https://huggingface.co/datasets/freds0/FOMO300K_brain_age/resolve/main/PT016_GSP/sub-1612/ses-01.zip "HTTP/1.1 302 Found"
[2026-05-25 13:14:47,625][httpx][INFO] - HTTP Request: HEAD https://huggingface.co/datasets/freds0/FOMO300K_brain_age/resolve/main/PT029_OASIS2/sub-010/ses-01.zip "HTTP/1.1 302 Found"
[2026-05-25 13:14:49,102][httpx][INFO] - HTTP Request: HEAD https://huggingface.co/datasets/freds0/FOMO300K_brain_age/resolve/main/PT029_OASIS2/sub-150/ses-01.zip "HTTP/1.1 302 Found"
[2026-05-25 13:14:49,116][httpx][INFO] - HTTP Request: HEAD https://huggingface.co/datasets/freds0/FOMO300K_brain_age/resolve/main/PT018_HBN/sub-1329/ses-01.zip "HTTP/1.1 302 Found"
[2026-05-25 13:14:50,398][httpx][INFO] - HTTP Request: HEAD https://huggingface.co/datasets/freds0/FOMO300K_brain_age/resolve/main/PT018_HBN/sub-0542/ses-01.zip "HTTP/1.1 302 Found"
[2026-05-25 13:14:53,884][httpx][INFO] - HTTP Request: HEAD https://huggingface.co/datasets/freds0/FOMO300K_brain_age/resolve/main/PT029_OASIS2/sub-041/ses-02.zip "HTTP/1.1 302 Found"
[2026-05-25 13:14:54,377][httpx][INFO] - HTTP Request: HEAD https://huggingface.co/datasets/freds0/FOMO300K_brain_age/resolve/main/PT034_Wayne/sub-021/ses-02.zip "HTTP/1.1 302 Found"
[2026-05-25 13:14:54,531][httpx][INFO] - HTTP Request: HEAD https://huggingface.co/datasets/freds0/FOMO300K_brain_age/resolve/main/PT028_OASIS1/sub-066/ses-01.zip "HTTP/1.1 302 Found"
[2026-05-25 13:14:54,774][httpx][INFO] - HTTP Request: HEAD https://huggingface.co/datasets/freds0/FOMO300K_brain_age/resolve/main/PT035_Yale_Brain_Mets_Longitudinal/sub-0973/ses-05.zip "HTTP/1.1 302 Found"
[2026-05-25 13:14:55,496][httpx][INFO] - HTTP Request: HEAD https://huggingface.co/datasets/freds0/FOMO300K_brain_age/resolve/main/PT028_OASIS1/sub-016/ses-01.zip "HTTP/1.1 302 Found"
[2026-05-25 13:14:56,210][httpx][INFO] - HTTP Request: HEAD https://huggingface.co/datasets/freds0/FOMO300K_brain_age/resolve/main/PT035_Yale_Brain_Mets_Longitudinal/sub-1361/ses-09.zip "HTTP/1.1 302 Found"
[2026-05-25 13:14:56,353][httpx][INFO] - HTTP Request: HEAD https://huggingface.co/datasets/freds0/FOMO300K_brain_age/resolve/main/PT028_OASIS1/sub-080/ses-01.zip "HTTP/1.1 302 Found"
[2026-05-25 13:14:56,863][httpx][INFO] - HTTP Request: HEAD https://huggingface.co/datasets/freds0/FOMO300K_brain_age/resolve/main/PT035_Yale_Brain_Mets_Longitudinal/sub-0999/ses-04.zip "HTTP/1.1 302 Found"
[2026-05-25 13:14:58,018][httpx][INFO] - HTTP Request: HEAD https://huggingface.co/datasets/freds0/FOMO300K_brain_age/resolve/main/PT028_OASIS1/sub-043/ses-01.zip "HTTP/1.1 302 Found"
[2026-05-25 13:14:58,751][httpx][INFO] - HTTP Request: HEAD https://huggingface.co/datasets/freds0/FOMO300K_brain_age/resolve/main/PT029_OASIS2/sub-062/ses-01.zip "HTTP/1.1 302 Found"
[2026-05-25 13:14:58,908][httpx][INFO] - HTTP Request: HEAD https://huggingface.co/datasets/freds0/FOMO300K_brain_age/resolve/main/PT035_Yale_Brain_Mets_Longitudinal/sub-1122/ses-19.zip "HTTP/1.1 302 Found"
[2026-05-25 13:15:00,190][httpx][INFO] - HTTP Request: HEAD https://huggingface.co/datasets/freds0/FOMO300K_brain_age/resolve/main/PT014_CoRR/sub-0138/ses-01.zip "HTTP/1.1 302 Found"
[2026-05-25 13:15:00,527][httpx][INFO] - HTTP Request: HEAD https://huggingface.co/datasets/freds0/FOMO300K_brain_age/resolve/main/PT035_Yale_Brain_Mets_Longitudinal/sub-0436/ses-05.zip "HTTP/1.1 302 Found"
[2026-05-25 13:15:00,597][httpx][INFO] - HTTP Request: HEAD https://huggingface.co/datasets/freds0/FOMO300K_brain_age/resolve/main/PT035_Yale_Brain_Mets_Longitudinal/sub-0507/ses-08.zip "HTTP/1.1 302 Found"
[2026-05-25 13:15:02,724][httpx][INFO] - HTTP Request: HEAD https://huggingface.co/datasets/freds0/FOMO300K_brain_age/resolve/main/PT035_Yale_Brain_Mets_Longitudinal/sub-1141/ses-12.zip "HTTP/1.1 302 Found"
[2026-05-25 13:15:02,725][httpx][INFO] - HTTP Request: HEAD https://huggingface.co/datasets/freds0/FOMO300K_brain_age/resolve/main/PT028_OASIS1/sub-005/ses-01.zip "HTTP/1.1 302 Found"
[2026-05-25 13:15:05,634][httpx][INFO] - HTTP Request: HEAD https://huggingface.co/datasets/freds0/FOMO300K_brain_age/resolve/main/PT035_Yale_Brain_Mets_Longitudinal/sub-0498/ses-14.zip "HTTP/1.1 302 Found"
[2026-05-25 13:15:07,667][httpx][INFO] - HTTP Request: HEAD https://huggingface.co/datasets/freds0/FOMO300K_brain_age/resolve/main/PT018_HBN/sub-3261/ses-01.zip "HTTP/1.1 302 Found"
[2026-05-25 13:15:10,765][httpx][INFO] - HTTP Request: HEAD https://huggingface.co/datasets/freds0/FOMO300K_brain_age/resolve/main/PT035_Yale_Brain_Mets_Longitudinal/sub-0025/ses-29.zip "HTTP/1.1 302 Found"
[2026-05-25 13:15:12,716][httpx][INFO] - HTTP Request: HEAD https://huggingface.co/datasets/freds0/FOMO300K_brain_age/resolve/main/PT035_Yale_Brain_Mets_Longitudinal/sub-0461/ses-01.zip "HTTP/1.1 302 Found"
[2026-05-25 13:15:15,771][httpx][INFO] - HTTP Request: HEAD https://huggingface.co/datasets/freds0/FOMO300K_brain_age/resolve/main/PT028_OASIS1/sub-301/ses-01.zip "HTTP/1.1 302 Found"
